Archive member included to satisfy reference by file (symbol)

build/libpico-event-hardware.a(Event.cpp.o)
                              CMakeFiles/pico-event-hardware-impl.dir/src/main.cpp.o (EventSource::EventSource(void*))
build/libpico-event-hardware.a(GPIODevice.cpp.o)
                              CMakeFiles/pico-event-hardware-impl.dir/src/main.cpp.o (GPIODevice::~GPIODevice())
build/libpico-event-hardware.a(Timer.cpp.o)
                              CMakeFiles/pico-event-hardware-impl.dir/src/main.cpp.o (vtable for RepeatingTimer)
build/libpico-event-hardware.a(Button.cpp.o)
                              CMakeFiles/pico-event-hardware-impl.dir/src/main.cpp.o (vtable for Button)
/usr/lib/gcc/arm-none-eabi/14.2.0/thumb/v6-m/nofp/libgcc.a(_dvmd_tls.o)
                              CMakeFiles/pico-event-hardware-impl.dir/usr/share/pico-sdk/src/rp2_common/pico_divider/divider_hardware.S.o (__aeabi_idiv0)
/usr/lib/gcc/arm-none-eabi/14.2.0/../../../../arm-none-eabi/lib/thumb/v6-m/nofp/libg.a(libc_a-atexit.o)
                              /usr/lib/gcc/arm-none-eabi/14.2.0/../../../../arm-none-eabi/lib/thumb/v6-m/nofp/crt0.o (atexit)
/usr/lib/gcc/arm-none-eabi/14.2.0/../../../../arm-none-eabi/lib/thumb/v6-m/nofp/libg.a(libc_a-calloc.o)
                              CMakeFiles/pico-event-hardware-impl.dir/usr/share/pico-sdk/src/rp2_common/pico_malloc/malloc.c.o (calloc)
/usr/lib/gcc/arm-none-eabi/14.2.0/../../../../arm-none-eabi/lib/thumb/v6-m/nofp/libg.a(libc_a-callocr.o)
                              /usr/lib/gcc/arm-none-eabi/14.2.0/../../../../arm-none-eabi/lib/thumb/v6-m/nofp/libg.a(libc_a-calloc.o) (_calloc_r)
/usr/lib/gcc/arm-none-eabi/14.2.0/../../../../arm-none-eabi/lib/thumb/v6-m/nofp/libg.a(libc_a-malloc.o)
                              CMakeFiles/pico-event-hardware-impl.dir/usr/share/pico-sdk/src/rp2_common/pico_malloc/malloc.c.o (malloc)
/usr/lib/gcc/arm-none-eabi/14.2.0/../../../../arm-none-eabi/lib/thumb/v6-m/nofp/libg.a(libc_a-mallocr.o)
                              /usr/lib/gcc/arm-none-eabi/14.2.0/../../../../arm-none-eabi/lib/thumb/v6-m/nofp/libg.a(libc_a-callocr.o) (_malloc_r)
/usr/lib/gcc/arm-none-eabi/14.2.0/../../../../arm-none-eabi/lib/thumb/v6-m/nofp/libg.a(libc_a-mlock.o)
                              /usr/lib/gcc/arm-none-eabi/14.2.0/../../../../arm-none-eabi/lib/thumb/v6-m/nofp/libg.a(libc_a-mallocr.o) (__malloc_lock)
/usr/lib/gcc/arm-none-eabi/14.2.0/../../../../arm-none-eabi/lib/thumb/v6-m/nofp/libg.a(libc_a-realloc.o)
                              CMakeFiles/pico-event-hardware-impl.dir/usr/share/pico-sdk/src/rp2_common/pico_malloc/malloc.c.o (realloc)
/usr/lib/gcc/arm-none-eabi/14.2.0/../../../../arm-none-eabi/lib/thumb/v6-m/nofp/libg.a(libc_a-reallocr.o)
                              /usr/lib/gcc/arm-none-eabi/14.2.0/../../../../arm-none-eabi/lib/thumb/v6-m/nofp/libg.a(libc_a-realloc.o) (_realloc_r)
/usr/lib/gcc/arm-none-eabi/14.2.0/../../../../arm-none-eabi/lib/thumb/v6-m/nofp/libg.a(libc_a-memcmp.o)
                              CMakeFiles/pico-event-hardware-impl.dir/usr/share/pico-sdk/src/rp2_common/pico_atomic/atomic.c.o (memcmp)
/usr/lib/gcc/arm-none-eabi/14.2.0/../../../../arm-none-eabi/lib/thumb/v6-m/nofp/libg.a(libc_a-memmove.o)
                              build/libpico-event-hardware.a(Event.cpp.o) (memmove)
/usr/lib/gcc/arm-none-eabi/14.2.0/../../../../arm-none-eabi/lib/thumb/v6-m/nofp/libg.a(libc_a-lcltime_r.o)
                              CMakeFiles/pico-event-hardware-impl.dir/usr/share/pico-sdk/src/common/pico_util/datetime.c.o (localtime_r)
/usr/lib/gcc/arm-none-eabi/14.2.0/../../../../arm-none-eabi/lib/thumb/v6-m/nofp/libg.a(libc_a-mktime.o)
                              CMakeFiles/pico-event-hardware-impl.dir/usr/share/pico-sdk/src/common/pico_util/datetime.c.o (mktime)
/usr/lib/gcc/arm-none-eabi/14.2.0/../../../../arm-none-eabi/lib/thumb/v6-m/nofp/libg.a(libc_a-month_lengths.o)
                              /usr/lib/gcc/arm-none-eabi/14.2.0/../../../../arm-none-eabi/lib/thumb/v6-m/nofp/libg.a(libc_a-lcltime_r.o) (__month_lengths)
/usr/lib/gcc/arm-none-eabi/14.2.0/../../../../arm-none-eabi/lib/thumb/v6-m/nofp/libg.a(libc_a-tzcalc_limits.o)
                              /usr/lib/gcc/arm-none-eabi/14.2.0/../../../../arm-none-eabi/lib/thumb/v6-m/nofp/libg.a(libc_a-lcltime_r.o) (__tzcalc_limits)
/usr/lib/gcc/arm-none-eabi/14.2.0/../../../../arm-none-eabi/lib/thumb/v6-m/nofp/libg.a(libc_a-tzlock.o)
                              /usr/lib/gcc/arm-none-eabi/14.2.0/../../../../arm-none-eabi/lib/thumb/v6-m/nofp/libg.a(libc_a-lcltime_r.o) (__tz_lock)
/usr/lib/gcc/arm-none-eabi/14.2.0/../../../../arm-none-eabi/lib/thumb/v6-m/nofp/libg.a(libc_a-tzset.o)
                              /usr/lib/gcc/arm-none-eabi/14.2.0/../../../../arm-none-eabi/lib/thumb/v6-m/nofp/libg.a(libc_a-lcltime_r.o) (_tzset_unlocked)
/usr/lib/gcc/arm-none-eabi/14.2.0/../../../../arm-none-eabi/lib/thumb/v6-m/nofp/libg.a(libc_a-tzset_r.o)
[...]
Memory Configuration

Name             Origin             Length             Attributes
FLASH            0x10000000         0x00200000         xr
RAM              0x20000000         0x00040000         xrw
SCRATCH_X        0x20040000         0x00001000         xrw
SCRATCH_Y        0x20041000         0x00001000         xrw
*default*        0x00000000         0xffffffff

Linker script and memory map

LOAD /usr/lib/gcc/arm-none-eabi/14.2.0/thumb/v6-m/nofp/crti.o
LOAD /usr/lib/gcc/arm-none-eabi/14.2.0/thumb/v6-m/nofp/crtbegin.o
LOAD /usr/lib/gcc/arm-none-eabi/14.2.0/../../../../arm-none-eabi/lib/thumb/v6-m/nofp/crt0.o

.flash_begin    0x10000000        0x0
                0x10000000                        __flash_binary_start = .

.boot2          0x10000000      0x100
                0x10000000                        __boot2_start__ = .
 *(.boot2)
 .boot2         0x10000000      0x100 pico-sdk/src/rp2040/boot_stage2/CMakeFiles/bs2_default_library.dir/bs2_default_padded_checksummed.S.o
                0x10000100                        __boot2_end__ = .
                0x00000001                        ASSERT (((__boot2_end__ - __boot2_start__) == 0x100), ERROR: Pico second stage bootloader must be 256 bytes in size)

.text           0x10000100     0x3308
                0x10000100                        __logical_binary_start = .
 *(.vectors)
 .vectors       0x10000100       0xd4 CMakeFiles/pico-event-hardware-impl.dir/usr/share/pico-sdk/src/rp2_common/pico_crt0/crt0.S.o
                0x10000100                __vectors
                0x10000100                __VECTOR_TABLE
                0x100001c0                isr_irq30
                0x100001c0                __unhandled_user_irq
                0x100001c0                isr_irq13
                0x100001c0                isr_irq27
                0x100001c0                isr_irq31
                0x100001c0                isr_irq5
                0x100001c0                isr_irq11
                0x100001c0                isr_irq23
                0x100001c0                isr_irq18
                0x100001c0                isr_irq28
                0x100001c0                isr_irq19
                0x100001c0                isr_irq0
                0x100001c0                isr_irq6
                0x100001c0                isr_irq22
                0x100001c0                isr_irq17
                0x100001c0                isr_irq14
                0x100001c0                __vectors_end
                0x100001c0                __default_isrs_start
                0x100001c0                isr_irq2
                0x100001c0                isr_irq10
                0x100001c0                isr_irq8
                0x100001c0                isr_irq24
                0x100001c0                isr_irq1
                0x100001c0                isr_irq7
                0x100001c0                isr_irq21
                0x100001c0                isr_irq20
                0x100001c0                isr_irq15
                0x100001c0                isr_irq25
                0x100001c0                isr_irq4
                0x100001c0                isr_irq16
                0x100001c0                isr_irq29
                0x100001c0                isr_irq26
                0x100001c0                isr_irq3
                0x100001c0                isr_irq12
                0x100001c0                isr_irq9
                0x100001c6                unhandled_user_irq_num_in_r0
                0x100001c8                isr_invalid
                0x100001ca                isr_nmi
                0x100001cc                isr_hardfault
                0x100001ce                isr_svcall
                0x100001d0                isr_pendsv
                0x100001d2                isr_systick
                0x100001d4                __default_isrs_end
 *(.binary_info_header)
 .binary_info_header
                0x100001d4       0x14 CMakeFiles/pico-event-hardware-impl.dir/usr/share/pico-sdk/src/rp2_common/pico_crt0/crt0.S.o
                0x100001e8                        __binary_info_header_end = .
 *(.embedded_block)
                0x100001e8                        __embedded_block_end = .
 *(.reset)
 .reset         0x100001e8       0x9c CMakeFiles/pico-event-hardware-impl.dir/usr/share/pico-sdk/src/rp2_common/pico_crt0/crt0.S.o
                0x100001e8                _entry_point
 *(.init)
 .init          0x10000284        0x4 /usr/lib/gcc/arm-none-eabi/14.2.0/thumb/v6-m/nofp/crti.o
                0x10000284                _init
 *(EXCLUDE_FILE(*libm.a: *libc.a:*lib_a-mem*.o *libgcc.a:) .text*)
 .text.frame_dummy
                0x10000288       0x20 /usr/lib/gcc/arm-none-eabi/14.2.0/thumb/v6-m/nofp/crtbegin.o
 .text._Z4act0PK5EventPv
                0x100002a8        0x4 CMakeFiles/pico-event-hardware-impl.dir/src/main.cpp.o
                0x100002a8                act0(Event const*, void*)
 .text._Z4act1PK5EventPv
                0x100002ac        0x4 CMakeFiles/pico-event-hardware-impl.dir/src/main.cpp.o
                0x100002ac                act1(Event const*, void*)
 .text.startup.main
                0x100002b0       0x7c CMakeFiles/pico-event-hardware-impl.dir/src/main.cpp.o
                0x100002b0                main
 .text.gpio_default_irq_handler
                0x1000032c      0x2c8 CMakeFiles/pico-event-hardware-impl.dir/usr/share/pico-sdk/src/rp2_common/hardware_gpio/gpio.c.o
 .text.gpio_set_pulls
                0x100005f4       0x28 CMakeFiles/pico-event-hardware-impl.dir/usr/share/pico-sdk/src/rp2_common/hardware_gpio/gpio.c.o
                0x100005f4                gpio_set_pulls
 .text.gpio_set_irq_enabled_with_callback
                0x1000061c       0xd0 CMakeFiles/pico-event-hardware-impl.dir/usr/share/pico-sdk/src/rp2_common/hardware_gpio/gpio.c.o
                0x1000061c                gpio_set_irq_enabled_with_callback
 .text.gpio_init
                0x100006ec       0x40 CMakeFiles/pico-event-hardware-impl.dir/usr/share/pico-sdk/src/rp2_common/hardware_gpio/gpio.c.o
                0x100006ec                gpio_init
 .text.panic    0x1000072c       0x30 CMakeFiles/pico-event-hardware-impl.dir/usr/share/pico-sdk/src/rp2_common/pico_platform_panic/panic.c.o
                0x1000072c                panic
 .text.hw_claim_or_assert
                0x1000075c       0x44 CMakeFiles/pico-event-hardware-impl.dir/usr/share/pico-sdk/src/common/hardware_claim/claim.c.o
                0x1000075c                hw_claim_or_assert
 .text.next_striped_spin_lock_num
                0x100007a0       0x18 CMakeFiles/pico-event-hardware-impl.dir/usr/share/pico-sdk/src/rp2_common/hardware_sync/sync.c.o
                0x100007a0                next_striped_spin_lock_num
 .text.spin_locks_reset
                0x100007b8       0x1c CMakeFiles/pico-event-hardware-impl.dir/usr/share/pico-sdk/src/rp2_common/hardware_sync_spin_lock/sync_spin_lock.c.o
                0x100007b8                spin_locks_reset
 .text.runtime_init_per_core_irq_priorities
                0x100007d4       0x24 CMakeFiles/pico-event-hardware-impl.dir/usr/share/pico-sdk/src/rp2_common/hardware_irq/irq.c.o
                0x100007d4                runtime_init_per_core_irq_priorities
 .text.irq_set_enabled
                0x100007f8       0x24 CMakeFiles/pico-event-hardware-impl.dir/usr/share/pico-sdk/src/rp2_common/hardware_irq/irq.c.o
                0x100007f8                irq_set_enabled
 .text.irq_set_exclusive_handler
                0x1000081c       0x54 CMakeFiles/pico-event-hardware-impl.dir/usr/share/pico-sdk/src/rp2_common/hardware_irq/irq.c.o
                0x1000081c                irq_set_exclusive_handler
 .text.irq_add_shared_handler
                0x10000870      0x1f4 CMakeFiles/pico-event-hardware-impl.dir/usr/share/pico-sdk/src/rp2_common/hardware_irq/irq.c.o
                0x10000870                irq_add_shared_handler
 .text.irq_remove_handler
                0x10000a64      0x1d4 CMakeFiles/pico-event-hardware-impl.dir/usr/share/pico-sdk/src/rp2_common/hardware_irq/irq.c.o
                0x10000a64                irq_remove_handler
 .text.irq_add_tail_to_free_list
                0x10000c38       0xb4 CMakeFiles/pico-event-hardware-impl.dir/usr/share/pico-sdk/src/rp2_common/hardware_irq/irq.c.o
                0x10000c38                irq_add_tail_to_free_list
 .text.lock_init
                0x10000cec       0x10 CMakeFiles/pico-event-hardware-impl.dir/usr/share/pico-sdk/src/common/pico_sync/lock_core.c.o
                0x10000cec                lock_init
 .text.runtime_init_mutex
                0x10000cfc       0x50 CMakeFiles/pico-event-hardware-impl.dir/usr/share/pico-sdk/src/common/pico_sync/mutex.c.o
                0x10000cfc                runtime_init_mutex
 .text.sleep_until_callback
                0x10000d4c       0x30 CMakeFiles/pico-event-hardware-impl.dir/usr/share/pico-sdk/src/common/pico_time/time.c.o
 .text.alarm_pool_irq_handler
                0x10000d7c      0x300 CMakeFiles/pico-event-hardware-impl.dir/usr/share/pico-sdk/src/common/pico_time/time.c.o
 .text.runtime_init_default_alarm_pool
                0x1000107c       0xdc CMakeFiles/pico-event-hardware-impl.dir/usr/share/pico-sdk/src/common/pico_time/time.c.o
                0x1000107c                runtime_init_default_alarm_pool
 .text.alarm_pool_get_default
                0x10001158        0x8 CMakeFiles/pico-event-hardware-impl.dir/usr/share/pico-sdk/src/common/pico_time/time.c.o
                0x10001158                alarm_pool_get_default
 .text.alarm_pool_add_alarm_at_force_in_context
                0x10001160       0xb0 CMakeFiles/pico-event-hardware-impl.dir/usr/share/pico-sdk/src/common/pico_time/time.c.o
                0x10001160                alarm_pool_add_alarm_at_force_in_context
 .text.alarm_pool_cancel_alarm
                0x10001210       0x74 CMakeFiles/pico-event-hardware-impl.dir/usr/share/pico-sdk/src/common/pico_time/time.c.o
                0x10001210                alarm_pool_cancel_alarm
 .text.best_effort_wfe_or_timeout
                0x10001284      0x10c CMakeFiles/pico-event-hardware-impl.dir/usr/share/pico-sdk/src/common/pico_time/time.c.o
                0x10001284                best_effort_wfe_or_timeout
 .text.alarm_pool_add_repeating_timer_us
                0x10001390      0x124 CMakeFiles/pico-event-hardware-impl.dir/usr/share/pico-sdk/src/common/pico_time/time.c.o
                0x10001390                alarm_pool_add_repeating_timer_us
 .text.cancel_repeating_timer
                0x100014b4       0x84 CMakeFiles/pico-event-hardware-impl.dir/usr/share/pico-sdk/src/common/pico_time/time.c.o
                0x100014b4                cancel_repeating_timer
 .text.timer_hardware_alarm_claim
                0x10001538       0x14 CMakeFiles/pico-event-hardware-impl.dir/usr/share/pico-sdk/src/rp2_common/hardware_timer/timer.c.o
                0x10001538                timer_hardware_alarm_claim
 .text.timer_time_us_64
                0x1000154c       0x10 CMakeFiles/pico-event-hardware-impl.dir/usr/share/pico-sdk/src/rp2_common/hardware_timer/timer.c.o
                0x1000154c                timer_time_us_64
 .text.time_us_64
                0x1000155c       0x14 CMakeFiles/pico-event-hardware-impl.dir/usr/share/pico-sdk/src/rp2_common/hardware_timer/timer.c.o
                0x1000155c                time_us_64
 .text.queue_init_with_spinlock
                0x10001570       0x24 CMakeFiles/pico-event-hardware-impl.dir/usr/share/pico-sdk/src/common/pico_util/queue.c.o
                0x10001570                queue_init_with_spinlock
 .text.queue_try_add
                0x10001594       0x70 CMakeFiles/pico-event-hardware-impl.dir/usr/share/pico-sdk/src/common/pico_util/queue.c.o
                0x10001594                queue_try_add
 .text.clock_configure_int_divider
                0x10001604       0xf4 CMakeFiles/pico-event-hardware-impl.dir/usr/share/pico-sdk/src/rp2_common/hardware_clocks/clocks.c.o
                0x10001604                clock_configure_int_divider
 .text.clock_configure_undivided
                0x100016f8       0xe8 CMakeFiles/pico-event-hardware-impl.dir/usr/share/pico-sdk/src/rp2_common/hardware_clocks/clocks.c.o
                0x100016f8                clock_configure_undivided
 .text.clock_get_hz
                0x100017e0        0xc CMakeFiles/pico-event-hardware-impl.dir/usr/share/pico-sdk/src/rp2_common/hardware_clocks/clocks.c.o
                0x100017e0                clock_get_hz
 .text.pll_init
                0x100017ec       0xa4 CMakeFiles/pico-event-hardware-impl.dir/usr/share/pico-sdk/src/rp2_common/hardware_pll/pll.c.o
                0x100017ec                pll_init
 .text.tick_start
                0x10001890       0x10 CMakeFiles/pico-event-hardware-impl.dir/usr/share/pico-sdk/src/rp2_common/hardware_ticks/ticks.c.o
                0x10001890                tick_start
 .text.rom_func_lookup
                0x100018a0       0x10 CMakeFiles/pico-event-hardware-impl.dir/usr/share/pico-sdk/src/rp2_common/pico_bootrom/bootrom.c.o
                0x100018a0                rom_func_lookup
 .text.rom_data_lookup
                0x100018b0       0x10 CMakeFiles/pico-event-hardware-impl.dir/usr/share/pico-sdk/src/rp2_common/pico_bootrom/bootrom.c.o
                0x100018b0                rom_data_lookup
 .text.rom_funcs_lookup
                0x100018c0       0x44 CMakeFiles/pico-event-hardware-impl.dir/usr/share/pico-sdk/src/rp2_common/pico_bootrom/bootrom.c.o
                0x100018c0                rom_funcs_lookup
 .text.xosc_init
                0x10001904       0x28 CMakeFiles/pico-event-hardware-impl.dir/usr/share/pico-sdk/src/rp2_common/hardware_xosc/xosc.c.o
                0x10001904                xosc_init
 .text.first_per_core_initializer
                0x1000192c        0x4 CMakeFiles/pico-event-hardware-impl.dir/usr/share/pico-sdk/src/rp2_common/pico_runtime/runtime.c.o
 .text.hard_assertion_failure
                0x10001930        0xc CMakeFiles/pico-event-hardware-impl.dir/usr/share/pico-sdk/src/rp2_common/pico_runtime/runtime.c.o
                0x10001930                hard_assertion_failure
 .text.runtime_run_initializers
                0x1000193c       0x28 CMakeFiles/pico-event-hardware-impl.dir/usr/share/pico-sdk/src/rp2_common/pico_runtime/runtime.c.o
                0x1000193c                runtime_run_initializers
 .text.runtime_init_early_resets
                0x10001964       0x2c CMakeFiles/pico-event-hardware-impl.dir/usr/share/pico-sdk/src/rp2_common/pico_runtime_init/runtime_init.c.o
                0x10001964                runtime_init_early_resets
 .text.runtime_init_usb_power_down
                0x10001990       0x1c CMakeFiles/pico-event-hardware-impl.dir/usr/share/pico-sdk/src/rp2_common/pico_runtime_init/runtime_init.c.o
                0x10001990                runtime_init_usb_power_down
 .text.runtime_init_post_clock_resets
                0x100019ac       0x20 CMakeFiles/pico-event-hardware-impl.dir/usr/share/pico-sdk/src/rp2_common/pico_runtime_init/runtime_init.c.o
                0x100019ac                runtime_init_post_clock_resets
 .text.runtime_init_rp2040_gpio_ie_disable
                0x100019cc       0x14 CMakeFiles/pico-event-hardware-impl.dir/usr/share/pico-sdk/src/rp2_common/pico_runtime_init/runtime_init.c.o
                0x100019cc                runtime_init_rp2040_gpio_ie_disable
 .text.runtime_init_spin_locks_reset
                0x100019e0        0x8 CMakeFiles/pico-event-hardware-impl.dir/usr/share/pico-sdk/src/rp2_common/pico_runtime_init/runtime_init.c.o
                0x100019e0                runtime_init_spin_locks_reset
 .text.runtime_init_install_ram_vector_table
                0x100019e8       0xb4 CMakeFiles/pico-event-hardware-impl.dir/usr/share/pico-sdk/src/rp2_common/pico_runtime_init/runtime_init.c.o
                0x100019e8                runtime_init_install_ram_vector_table
 .text.runtime_init_clocks
                0x10001a9c       0xd8 CMakeFiles/pico-event-hardware-impl.dir/usr/share/pico-sdk/src/rp2_common/pico_runtime_init/runtime_init_clocks.c.o
                0x10001a9c                runtime_init_clocks
 .text          0x10001b74       0x10 CMakeFiles/pico-event-hardware-impl.dir/usr/share/pico-sdk/src/rp2_common/pico_bit_ops/bit_ops_aeabi.S.o
 .text.__wrap___aeabi_uidiv
                0x10001b84       0x4c CMakeFiles/pico-event-hardware-impl.dir/usr/share/pico-sdk/src/rp2_common/pico_divider/divider_hardware.S.o
                0x10001b84                __wrap___aeabi_uidiv
                0x10001b84                __wrap___aeabi_uidivmod
                0x10001b84                div_u32u32
                0x10001b84                divmod_u32u32
                0x10001b8c                divmod_u32u32_unsafe
                0x10001bb4                divmod_u32u32_savestate
 .text.__aeabi_double_init
                0x10001bd0       0xa4 CMakeFiles/pico-event-hardware-impl.dir/usr/share/pico-sdk/src/rp2_common/pico_double/double_init_rom_rp2040.c.o
                0x10001bd0                __aeabi_double_init
 .text.double_table_shim_on_use_helper
                0x10001c74       0x2c CMakeFiles/pico-event-hardware-impl.dir/usr/share/pico-sdk/src/rp2_common/pico_double/double_v1_rom_shim_rp2040.S.o
                0x10001c74                double_table_shim_on_use_helper
 .text.__aeabi_lmul
                0x10001ca0       0x32 CMakeFiles/pico-event-hardware-impl.dir/usr/share/pico-sdk/src/rp2_common/pico_int64_ops/pico_int64_ops_aeabi.S.o
                0x10001ca0                __wrap___aeabi_lmul
 *fill*         0x10001cd2        0x2 
 .text.__aeabi_float_init
                0x10001cd4       0x64 CMakeFiles/pico-event-hardware-impl.dir/usr/share/pico-sdk/src/rp2_common/pico_float/float_init_rom_rp2040.c.o
                0x10001cd4                __aeabi_float_init
 .text.float_table_shim_on_use_helper
                0x10001d38       0x2c CMakeFiles/pico-event-hardware-impl.dir/usr/share/pico-sdk/src/rp2_common/pico_float/float_v1_rom_shim_rp2040.S.o
                0x10001d38                float_table_shim_on_use_helper
 .text.__wrap_malloc
                0x10001d64       0x3c CMakeFiles/pico-event-hardware-impl.dir/usr/share/pico-sdk/src/rp2_common/pico_malloc/malloc.c.o
                0x10001d64                __wrap_malloc
 .text.__wrap_calloc
                0x10001da0       0x44 CMakeFiles/pico-event-hardware-impl.dir/usr/share/pico-sdk/src/rp2_common/pico_malloc/malloc.c.o
                0x10001da0                __wrap_calloc
 .text.__wrap_free
                0x10001de4       0x20 CMakeFiles/pico-event-hardware-impl.dir/usr/share/pico-sdk/src/rp2_common/pico_malloc/malloc.c.o
                0x10001de4                __wrap_free
 .text          0x10001e04       0x10 CMakeFiles/pico-event-hardware-impl.dir/usr/share/pico-sdk/src/rp2_common/pico_mem_ops/mem_ops_aeabi.S.o
                0x10001e04                __aeabi_mem_init
 .text.memset   0x10001e14        0xc CMakeFiles/pico-event-hardware-impl.dir/usr/share/pico-sdk/src/rp2_common/pico_mem_ops/mem_ops_aeabi.S.o
                0x10001e14                __wrap_memset
 .text.memcpy   0x10001e20        0xc CMakeFiles/pico-event-hardware-impl.dir/usr/share/pico-sdk/src/rp2_common/pico_mem_ops/mem_ops_aeabi.S.o
                0x10001e20                __wrap___aeabi_memcpy
                0x10001e20                __wrap_memcpy
 .text._Znwj    0x10001e2c        0x8 CMakeFiles/pico-event-hardware-impl.dir/usr/share/pico-sdk/src/rp2_common/pico_cxx_options/new_delete.cpp.o
                0x10001e2c                operator new(unsigned int)
 .text._Znaj    0x10001e34        0x8 CMakeFiles/pico-event-hardware-impl.dir/usr/share/pico-sdk/src/rp2_common/pico_cxx_options/new_delete.cpp.o
                0x10001e34                operator new[](unsigned int)
 .text._ZdaPv   0x10001e3c        0x8 CMakeFiles/pico-event-hardware-impl.dir/usr/share/pico-sdk/src/rp2_common/pico_cxx_options/new_delete.cpp.o
                0x10001e3c                operator delete[](void*)
 .text._ZdlPvj  0x10001e44        0x8 CMakeFiles/pico-event-hardware-impl.dir/usr/share/pico-sdk/src/rp2_common/pico_cxx_options/new_delete.cpp.o
                0x10001e44                operator delete(void*, unsigned int)
 .text._out_char
                0x10001e4c       0x10 CMakeFiles/pico-event-hardware-impl.dir/usr/share/pico-sdk/src/rp2_common/pico_printf/printf.c.o
 .text.weak_raw_vprintf
                0x10001e5c       0x30 CMakeFiles/pico-event-hardware-impl.dir/usr/share/pico-sdk/src/rp2_common/pico_printf/printf.c.o
                0x10001e5c                weak_raw_vprintf
 .text._exit    0x10001e8c        0x4 CMakeFiles/pico-event-hardware-impl.dir/usr/share/pico-sdk/src/rp2_common/pico_clib_interface/newlib_interface.c.o
                0x10001e8c                _exit
 .text._sbrk    0x10001e90       0x34 CMakeFiles/pico-event-hardware-impl.dir/usr/share/pico-sdk/src/rp2_common/pico_clib_interface/newlib_interface.c.o
                0x10001e90                _sbrk
 .text.exit     0x10001ec4        0x8 CMakeFiles/pico-event-hardware-impl.dir/usr/share/pico-sdk/src/rp2_common/pico_clib_interface/newlib_interface.c.o
                0x10001ec4                exit
 .text.runtime_init
                0x10001ecc       0x2c CMakeFiles/pico-event-hardware-impl.dir/usr/share/pico-sdk/src/rp2_common/pico_clib_interface/newlib_interface.c.o
                0x10001ecc                runtime_init
 .text.stdio_out_chars_no_crlf
                0x10001ef8       0x10 CMakeFiles/pico-event-hardware-impl.dir/usr/share/pico-sdk/src/rp2_common/pico_stdio/stdio.c.o
 .text.stdio_out_chars_crlf
                0x10001f08       0xb0 CMakeFiles/pico-event-hardware-impl.dir/usr/share/pico-sdk/src/rp2_common/pico_stdio/stdio.c.o
 .text.stdio_put_string
                0x10001fb8       0xfc CMakeFiles/pico-event-hardware-impl.dir/usr/share/pico-sdk/src/rp2_common/pico_stdio/stdio.c.o
                0x10001fb8                stdio_put_string
 .text.__wrap_putchar
                0x100020b4       0x94 CMakeFiles/pico-event-hardware-impl.dir/usr/share/pico-sdk/src/rp2_common/pico_stdio/stdio.c.o
                0x100020b4                stdio_putchar
                0x100020b4                __wrap_putchar
 .text.__wrap_puts
                0x10002148       0x3c CMakeFiles/pico-event-hardware-impl.dir/usr/share/pico-sdk/src/rp2_common/pico_stdio/stdio.c.o
                0x10002148                __wrap_puts
                0x10002148                stdio_puts
 .text.startup._retrieve_unique_id_on_boot
                0x10002184       0x10 CMakeFiles/pico-event-hardware-impl.dir/usr/share/pico-sdk/src/rp2_common/pico_unique_id/unique_id.c.o
 .text.flash_get_unique_id
                0x10002194       0x3c CMakeFiles/pico-event-hardware-impl.dir/usr/share/pico-sdk/src/rp2_common/hardware_flash/flash.c.o
                0x10002194                flash_get_unique_id
 .text._ZN11EventSource10EnableImplEv
                0x100021d0        0x4 build/libpico-event-hardware.a(Event.cpp.o)
                0x100021d0                EventSource::EnableImpl()
 .text._ZN11EventSource11DisableImplEv
                0x100021d4        0x4 build/libpico-event-hardware.a(Event.cpp.o)
                0x100021d4                EventSource::DisableImpl()
 .text._ZN11EventSourceD2Ev
                0x100021d8       0x1c build/libpico-event-hardware.a(Event.cpp.o)
                0x100021d8                EventSource::~EventSource()
                0x100021d8                EventSource::~EventSource()
 .text._ZN11EventSourceD0Ev
                0x100021f4       0x24 build/libpico-event-hardware.a(Event.cpp.o)
                0x100021f4                EventSource::~EventSource()
 .text._ZN9GPIOEventC2EPK11EventSourcem
                0x10002218       0x34 build/libpico-event-hardware.a(Event.cpp.o)
                0x10002218                GPIOEvent::GPIOEvent(EventSource const*, unsigned long)
                0x10002218                GPIOEvent::GPIOEvent(EventSource const*, unsigned long)
 .text._ZN10TimerEventC2EPK11EventSource
                0x1000224c       0x30 build/libpico-event-hardware.a(Event.cpp.o)
                0x1000224c                TimerEvent::TimerEvent(EventSource const*)
                0x1000224c                TimerEvent::TimerEvent(EventSource const*)
 .text._ZN11ButtonEventC2EPK11EventSourcemm
                0x1000227c       0x38 build/libpico-event-hardware.a(Event.cpp.o)
                0x1000227c                ButtonEvent::ButtonEvent(EventSource const*, unsigned long, unsigned long)
                0x1000227c                ButtonEvent::ButtonEvent(EventSource const*, unsigned long, unsigned long)
 .text._ZN11EventSourceC2EPv
                0x100022b4       0x18 build/libpico-event-hardware.a(Event.cpp.o)
                0x100022b4                EventSource::EventSource(void*)
                0x100022b4                EventSource::EventSource(void*)
 .text._ZN11EventSource10SetActionsEPPFvPK5EventPvEj
                0x100022cc       0x60 build/libpico-event-hardware.a(Event.cpp.o)
                0x100022cc                EventSource::SetActions(void (**)(Event const*, void*), unsigned int)
 .text._ZNK10GPIODevice11IsActivatedEv
                0x1000232c       0x18 build/libpico-event-hardware.a(GPIODevice.cpp.o)
                0x1000232c                GPIODevice::IsActivated() const
 .text._ZN10GPIODevice10EnableImplEv
                0x10002344       0x14 build/libpico-event-hardware.a(GPIODevice.cpp.o)
                0x10002344                GPIODevice::EnableImpl()
 .text._ZN10GPIODevice11DisableImplEv
                0x10002358       0x10 build/libpico-event-hardware.a(GPIODevice.cpp.o)
                0x10002358                GPIODevice::DisableImpl()
 .text._ZN10GPIODeviceD2Ev
                0x10002368       0x28 build/libpico-event-hardware.a(GPIODevice.cpp.o)
                0x10002368                GPIODevice::~GPIODevice()
                0x10002368                GPIODevice::~GPIODevice()
 .text._ZN10GPIODeviceD0Ev
                0x10002390       0x30 build/libpico-event-hardware.a(GPIODevice.cpp.o)
                0x10002390                GPIODevice::~GPIODevice()
 .text._ZN10GPIODevice9HandleIRQEm
                0x100023c0       0x34 build/libpico-event-hardware.a(GPIODevice.cpp.o)
                0x100023c0                GPIODevice::HandleIRQ(unsigned long)
 .text._ZN10GPIODevice13gpio_callbackEhm
                0x100023f4       0x54 build/libpico-event-hardware.a(GPIODevice.cpp.o)
                0x100023f4                GPIODevice::gpio_callback(unsigned char, unsigned long)
 .text._ZN10GPIODeviceC2Eh4PullmPv
                0x10002448       0x88 build/libpico-event-hardware.a(GPIODevice.cpp.o)
                0x10002448                GPIODevice::GPIODevice(unsigned char, Pull, unsigned long, void*)
                0x10002448                GPIODevice::GPIODevice(unsigned char, Pull, unsigned long, void*)
 .text._ZN14RepeatingTimer14timer_callbackEP15repeating_timer
                0x100024d0       0x30 build/libpico-event-hardware.a(Timer.cpp.o)
                0x100024d0                RepeatingTimer::timer_callback(repeating_timer*)
 .text._ZN14RepeatingTimerD2Ev
                0x10002500       0x34 build/libpico-event-hardware.a(Timer.cpp.o)
                0x10002500                RepeatingTimer::~RepeatingTimer()
                0x10002500                RepeatingTimer::~RepeatingTimer()
 .text._ZN14RepeatingTimer3EndEv
                0x10002534       0x18 build/libpico-event-hardware.a(Timer.cpp.o)
                0x10002534                RepeatingTimer::End()
 .text._ZN14RepeatingTimer5StartEm
                0x1000254c       0x88 build/libpico-event-hardware.a(Timer.cpp.o)
                0x1000254c                RepeatingTimer::Start(unsigned long)
 .text._ZN14RepeatingTimerD0Ev
                0x100025d4       0x3c build/libpico-event-hardware.a(Timer.cpp.o)
                0x100025d4                RepeatingTimer::~RepeatingTimer()
 .text._ZN6ButtonD2Ev
                0x10002610       0x14 build/libpico-event-hardware.a(Button.cpp.o)
                0x10002610                Button::~Button()
                0x10002610                Button::~Button()
 .text._ZN6ButtonD0Ev
                0x10002624       0x1c build/libpico-event-hardware.a(Button.cpp.o)
                0x10002624                Button::~Button()
 .text._ZN12StickyButtonD2Ev
                0x10002640       0x14 build/libpico-event-hardware.a(Button.cpp.o)
                0x10002640                StickyButton::~StickyButton()
                0x10002640                StickyButton::~StickyButton()
 .text._ZN12StickyButtonD0Ev
                0x10002654       0x1c build/libpico-event-hardware.a(Button.cpp.o)
                0x10002654                StickyButton::~StickyButton()
 .text._ZN6Button9HandleIRQEm
                0x10002670       0x34 build/libpico-event-hardware.a(Button.cpp.o)
                0x10002670                Button::HandleIRQ(unsigned long)
 .text._ZN12StickyButton9HandleIRQEm
                0x100026a4       0x58 build/libpico-event-hardware.a(Button.cpp.o)
                0x100026a4                StickyButton::HandleIRQ(unsigned long)
 .text._ZNK6Button11IsActivatedEv
                0x100026fc       0x34 build/libpico-event-hardware.a(Button.cpp.o)
                0x100026fc                Button::IsActivated() const
 .text._ZN6ButtonC2EhbPv
                0x10002730       0x24 build/libpico-event-hardware.a(Button.cpp.o)
                0x10002730                Button::Button(unsigned char, bool, void*)
                0x10002730                Button::Button(unsigned char, bool, void*)
 .text._ZN12StickyButtonC2EhPK10GPIODevicejbPv
                0x10002754       0x30 build/libpico-event-hardware.a(Button.cpp.o)
                0x10002754                StickyButton::StickyButton(unsigned char, GPIODevice const*, unsigned int, bool, void*)
                0x10002754                StickyButton::StickyButton(unsigned char, GPIODevice const*, unsigned int, bool, void*)
 .text.atexit   0x10002784       0x10 /usr/lib/gcc/arm-none-eabi/14.2.0/../../../../arm-none-eabi/lib/thumb/v6-m/nofp/libg.a(libc_a-atexit.o)
                0x10002784                atexit
 .text.calloc   0x10002794       0x18 /usr/lib/gcc/arm-none-eabi/14.2.0/../../../../arm-none-eabi/lib/thumb/v6-m/nofp/libg.a(libc_a-calloc.o)
                0x10002794                calloc
 .text._calloc_r
                0x100027ac       0xa8 /usr/lib/gcc/arm-none-eabi/14.2.0/../../../../arm-none-eabi/lib/thumb/v6-m/nofp/libg.a(libc_a-callocr.o)
                0x100027ac                _calloc_r
 .text.malloc   0x10002854       0x14 /usr/lib/gcc/arm-none-eabi/14.2.0/../../../../arm-none-eabi/lib/thumb/v6-m/nofp/libg.a(libc_a-malloc.o)
                0x10002854                malloc
 .text.free     0x10002868       0x14 /usr/lib/gcc/arm-none-eabi/14.2.0/../../../../arm-none-eabi/lib/thumb/v6-m/nofp/libg.a(libc_a-malloc.o)
                0x10002868                free
 .text._malloc_r
                0x1000287c      0x5cc /usr/lib/gcc/arm-none-eabi/14.2.0/../../../../arm-none-eabi/lib/thumb/v6-m/nofp/libg.a(libc_a-mallocr.o)
                0x1000287c                _malloc_r
 .text.__malloc_lock
                0x10002e48       0x10 /usr/lib/gcc/arm-none-eabi/14.2.0/../../../../arm-none-eabi/lib/thumb/v6-m/nofp/libg.a(libc_a-mlock.o)
                0x10002e48                __malloc_lock
 .text.__malloc_unlock
                0x10002e58       0x10 /usr/lib/gcc/arm-none-eabi/14.2.0/../../../../arm-none-eabi/lib/thumb/v6-m/nofp/libg.a(libc_a-mlock.o)
                0x10002e58                __malloc_unlock
 .text.memmove  0x10002e68       0xc4 /usr/lib/gcc/arm-none-eabi/14.2.0/../../../../arm-none-eabi/lib/thumb/v6-m/nofp/libg.a(libc_a-memmove.o)
                0x10002e68                memmove
 .text._sbrk_r  0x10002f2c       0x24 /usr/lib/gcc/arm-none-eabi/14.2.0/../../../../arm-none-eabi/lib/thumb/v6-m/nofp/libg.a(libc_a-sbrkr.o)
                0x10002f2c                _sbrk_r
 .text.__errno  0x10002f50        0xc /usr/lib/gcc/arm-none-eabi/14.2.0/../../../../arm-none-eabi/lib/thumb/v6-m/nofp/libg.a(libc_a-errno.o)
                0x10002f50                __errno
 .text.__libc_fini_array
                0x10002f5c       0x28 /usr/lib/gcc/arm-none-eabi/14.2.0/../../../../arm-none-eabi/lib/thumb/v6-m/nofp/libg.a(libc_a-fini.o)
                0x10002f5c                __libc_fini_array
 .text.__retarget_lock_acquire_recursive
                0x10002f84        0x4 /usr/lib/gcc/arm-none-eabi/14.2.0/../../../../arm-none-eabi/lib/thumb/v6-m/nofp/libg.a(libc_a-lock.o)
                0x10002f84                __retarget_lock_acquire_recursive
 .text.__retarget_lock_release_recursive
                0x10002f88        0x4 /usr/lib/gcc/arm-none-eabi/14.2.0/../../../../arm-none-eabi/lib/thumb/v6-m/nofp/libg.a(libc_a-lock.o)
                0x10002f88                __retarget_lock_release_recursive
 .text.sysconf  0x10002f8c       0x1c /usr/lib/gcc/arm-none-eabi/14.2.0/../../../../arm-none-eabi/lib/thumb/v6-m/nofp/libg.a(libc_a-sysconf.o)
                0x10002f8c                sysconf
 .text.strlen   0x10002fa8       0x5c /usr/lib/gcc/arm-none-eabi/14.2.0/../../../../arm-none-eabi/lib/thumb/v6-m/nofp/libg.a(libc_a-strlen-stub.o)
                0x10002fa8                strlen
 .text.__register_exitproc
                0x10003004       0xa8 /usr/lib/gcc/arm-none-eabi/14.2.0/../../../../arm-none-eabi/lib/thumb/v6-m/nofp/libg.a(libc_a-__atexit.o)
                0x10003004                __register_exitproc
 .text.startup.register_fini
                0x100030ac       0x18 /usr/lib/gcc/arm-none-eabi/14.2.0/../../../../arm-none-eabi/lib/thumb/v6-m/nofp/libg.a(libc_a-__call_atexit.o)
 .text._malloc_trim_r
                0x100030c4       0xb4 /usr/lib/gcc/arm-none-eabi/14.2.0/../../../../arm-none-eabi/lib/thumb/v6-m/nofp/libg.a(libc_a-freer.o)
                0x100030c4                _malloc_trim_r
 .text._free_r  0x10003178      0x1f0 /usr/lib/gcc/arm-none-eabi/14.2.0/../../../../arm-none-eabi/lib/thumb/v6-m/nofp/libg.a(libc_a-freer.o)
                0x10003178                _free_r
 *(.fini)
 .fini          0x10003368        0x4 /usr/lib/gcc/arm-none-eabi/14.2.0/thumb/v6-m/nofp/crti.o
                0x10003368                _fini
 *fill*         0x1000336c        0x4 
 .fini.__stub   0x10003370       0x50 linker stubs
 *crtbegin.o(.ctors)
 *crtbegin?.o(.ctors)
 *(EXCLUDE_FILE(*crtend.o *crtend?.o) .ctors)
 *(SORT_BY_NAME(.ctors.*))
 *(.ctors)
 *crtbegin.o(.dtors)
 *crtbegin?.o(.dtors)
 *(EXCLUDE_FILE(*crtend.o *crtend?.o) .dtors)
 *(SORT_BY_NAME(.dtors.*))
 *(.dtors)
                0x100033c0                        . = ALIGN (0x4)
                0x100033c0                        PROVIDE (__preinit_array_start = .)
 *(SORT_BY_NAME(.preinit_array.*))
 .preinit_array.00100
                0x100033c0        0x4 CMakeFiles/pico-event-hardware-impl.dir/usr/share/pico-sdk/src/rp2_common/pico_runtime_init/runtime_init.c.o
                0x100033c0                __pre_init_runtime_init_early_resets
 .preinit_array.00101
                0x100033c4        0x4 CMakeFiles/pico-event-hardware-impl.dir/usr/share/pico-sdk/src/rp2_common/pico_runtime_init/runtime_init.c.o
                0x100033c4                __pre_init_runtime_init_usb_power_down
 .preinit_array.00275
                0x100033c8        0x4 CMakeFiles/pico-event-hardware-impl.dir/usr/share/pico-sdk/src/rp2_common/pico_bit_ops/bit_ops_aeabi.S.o
 .preinit_array.00300
                0x100033cc        0x4 CMakeFiles/pico-event-hardware-impl.dir/usr/share/pico-sdk/src/rp2_common/pico_mem_ops/mem_ops_aeabi.S.o
 .preinit_array.00350
                0x100033d0        0x4 CMakeFiles/pico-event-hardware-impl.dir/usr/share/pico-sdk/src/rp2_common/pico_double/double_aeabi_rp2040.S.o
 .preinit_array.00350
                0x100033d4        0x4 CMakeFiles/pico-event-hardware-impl.dir/usr/share/pico-sdk/src/rp2_common/pico_float/float_aeabi_rp2040.S.o
 .preinit_array.00500
                0x100033d8        0x4 CMakeFiles/pico-event-hardware-impl.dir/usr/share/pico-sdk/src/rp2_common/pico_runtime_init/runtime_init.c.o
                0x100033d8                __pre_init_runtime_init_clocks
 .preinit_array.00600
                0x100033dc        0x4 CMakeFiles/pico-event-hardware-impl.dir/usr/share/pico-sdk/src/rp2_common/pico_runtime_init/runtime_init.c.o
                0x100033dc                __pre_init_runtime_init_post_clock_resets
 .preinit_array.00700
                0x100033e0        0x4 CMakeFiles/pico-event-hardware-impl.dir/usr/share/pico-sdk/src/rp2_common/pico_runtime_init/runtime_init.c.o
                0x100033e0                __pre_init_runtime_init_rp2040_gpio_ie_disable
 .preinit_array.01000
                0x100033e4        0x4 CMakeFiles/pico-event-hardware-impl.dir/usr/share/pico-sdk/src/rp2_common/pico_runtime_init/runtime_init.c.o
                0x100033e4                __pre_init_runtime_init_spin_locks_reset
 .preinit_array.01100
                0x100033e8        0x4 CMakeFiles/pico-event-hardware-impl.dir/usr/share/pico-sdk/src/common/pico_sync/mutex.c.o
                0x100033e8                __pre_init_runtime_init_mutex
 .preinit_array.10080
                0x100033ec        0x4 CMakeFiles/pico-event-hardware-impl.dir/usr/share/pico-sdk/src/rp2_common/pico_runtime_init/runtime_init.c.o
                0x100033ec                __pre_init_runtime_init_install_ram_vector_table
 .preinit_array.11000
                0x100033f0        0x4 CMakeFiles/pico-event-hardware-impl.dir/usr/share/pico-sdk/src/common/pico_time/time.c.o
                0x100033f0                __pre_init_runtime_init_default_alarm_pool
 .preinit_array.YYYYY
                0x100033f4        0x4 CMakeFiles/pico-event-hardware-impl.dir/usr/share/pico-sdk/src/rp2_common/pico_runtime/runtime.c.o
                0x100033f4                __pre_init_first_per_core_initializer
 .preinit_array.ZZZZZ.01200
                0x100033f8        0x4 CMakeFiles/pico-event-hardware-impl.dir/usr/share/pico-sdk/src/rp2_common/hardware_irq/irq.c.o
                0x100033f8                __pre_init_runtime_init_per_core_irq_priorities
 *(.preinit_array)
                0x100033fc                        PROVIDE (__preinit_array_end = .)
                0x100033fc                        . = ALIGN (0x4)
                0x100033fc                        PROVIDE (__init_array_start = .)
 *(SORT_BY_NAME(.init_array.*))
 .init_array.00000
                0x100033fc        0x4 /usr/lib/gcc/arm-none-eabi/14.2.0/../../../../arm-none-eabi/lib/thumb/v6-m/nofp/libg.a(libc_a-__call_atexit.o)
 .init_array.01000
                0x10003400        0x4 CMakeFiles/pico-event-hardware-impl.dir/usr/share/pico-sdk/src/rp2_common/pico_unique_id/unique_id.c.o
 *(.init_array)
 .init_array    0x10003404        0x4 /usr/lib/gcc/arm-none-eabi/14.2.0/thumb/v6-m/nofp/crtbegin.o
                0x10003408                        PROVIDE (__init_array_end = .)
                0x10003408                        . = ALIGN (0x4)
                0x10003408                        PROVIDE (__fini_array_start = .)
 *(SORT_BY_NAME(.fini_array.*))
 *(.fini_array)
                0x10003408                        PROVIDE (__fini_array_end = .)
 *(.eh_frame*)
 .eh_frame      0x10003408        0x0 /usr/lib/gcc/arm-none-eabi/14.2.0/thumb/v6-m/nofp/crtbegin.o
                0x10003408                        . = ALIGN (0x4)

.glue_7         0x10003408        0x0
 .glue_7        0x10003408        0x0 linker stubs

.glue_7t        0x10003408        0x0
 .glue_7t       0x10003408        0x0 linker stubs

.vfp11_veneer   0x10003408        0x0
 .vfp11_veneer  0x10003408        0x0 linker stubs

.v4_bx          0x10003408        0x0
 .v4_bx         0x10003408        0x0 linker stubs

.iplt           0x10003408        0x0
 .iplt          0x10003408        0x0 /usr/lib/gcc/arm-none-eabi/14.2.0/thumb/v6-m/nofp/crtbegin.o

.rodata         0x10003408      0x19c
 *(EXCLUDE_FILE(*libm.a: *libc.a:*lib_a-mem*.o *libgcc.a:) .rodata*)
 .rodata        0x10003408        0x8 CMakeFiles/pico-event-hardware-impl.dir/src/main.cpp.o
 .rodata.panic.str1.4
                0x10003410       0xa4 CMakeFiles/pico-event-hardware-impl.dir/usr/share/pico-sdk/src/rp2_common/pico_platform_panic/panic.c.o
                                 0x12 (size before relaxing)
 .rodata.timer_hardware_alarm_claim.str1.4
                0x100034b4       0x22 CMakeFiles/pico-event-hardware-impl.dir/usr/share/pico-sdk/src/rp2_common/hardware_timer/timer.c.o
 .rodata.hard_assertion_failure.str1.4
                0x100034b4        0xc CMakeFiles/pico-event-hardware-impl.dir/usr/share/pico-sdk/src/rp2_common/pico_runtime/runtime.c.o
 .rodata.__wrap_malloc.str1.4
                0x100034b4        0xe CMakeFiles/pico-event-hardware-impl.dir/usr/share/pico-sdk/src/rp2_common/pico_malloc/malloc.c.o
 .rodata.str1.4
                0x100034b4       0x50 CMakeFiles/pico-event-hardware-impl.dir/usr/share/pico-sdk/src/rp2_common/pico_standard_binary_info/standard_binary_info.c.o
 .rodata.__bi_84
                0x100034b4        0xc CMakeFiles/pico-event-hardware-impl.dir/usr/share/pico-sdk/src/rp2_common/pico_standard_binary_info/standard_binary_info.c.o
 .rodata.__bi_78
                0x100034c0        0xc CMakeFiles/pico-event-hardware-impl.dir/usr/share/pico-sdk/src/rp2_common/pico_standard_binary_info/standard_binary_info.c.o
 .rodata.__bi_54
                0x100034cc        0xc CMakeFiles/pico-event-hardware-impl.dir/usr/share/pico-sdk/src/rp2_common/pico_standard_binary_info/standard_binary_info.c.o
 .rodata.__bi_48
                0x100034d8        0xc CMakeFiles/pico-event-hardware-impl.dir/usr/share/pico-sdk/src/rp2_common/pico_standard_binary_info/standard_binary_info.c.o
 .rodata.__bi_42
                0x100034e4        0xc CMakeFiles/pico-event-hardware-impl.dir/usr/share/pico-sdk/src/rp2_common/pico_standard_binary_info/standard_binary_info.c.o
 .rodata.__bi_34
                0x100034f0        0xc CMakeFiles/pico-event-hardware-impl.dir/usr/share/pico-sdk/src/rp2_common/pico_standard_binary_info/standard_binary_info.c.o
 .rodata.__bi_26
                0x100034fc        0xc CMakeFiles/pico-event-hardware-impl.dir/usr/share/pico-sdk/src/rp2_common/pico_standard_binary_info/standard_binary_info.c.o
 .rodata.crlf_str.0
                0x10003508        0x2 CMakeFiles/pico-event-hardware-impl.dir/usr/share/pico-sdk/src/rp2_common/pico_stdio/stdio.c.o
 *fill*         0x1000350a        0x2 
 .rodata._ZTV11EventSource
                0x1000350c       0x18 build/libpico-event-hardware.a(Event.cpp.o)
                0x1000350c                vtable for EventSource
 .rodata._ZTV10GPIODevice
                0x10003524       0x20 build/libpico-event-hardware.a(GPIODevice.cpp.o)
                0x10003524                vtable for GPIODevice
 .rodata._ZTV14RepeatingTimer
                0x10003544       0x20 build/libpico-event-hardware.a(Timer.cpp.o)
                0x10003544                vtable for RepeatingTimer
 .rodata._ZTV6Button
                0x10003564       0x20 build/libpico-event-hardware.a(Button.cpp.o)
                0x10003564                vtable for Button
 .rodata._ZTV12StickyButton
                0x10003584       0x20 build/libpico-event-hardware.a(Button.cpp.o)
                0x10003584                vtable for StickyButton
                0x100035a4                        . = ALIGN (0x4)
 *(SORT_BY_ALIGNMENT(SORT_BY_NAME(.flashdata*)))
                0x100035a4                        . = ALIGN (0x4)

.ARM.extab
 *(.ARM.extab* .gnu.linkonce.armextab.*)
                0x100035a4                        __exidx_start = .

.ARM.exidx
 *(.ARM.exidx* .gnu.linkonce.armexidx.*)
                0x100035a4                        __exidx_end = .
                0x100035a4                        . = ALIGN (0x4)
                0x100035a4                        __binary_info_start = .

.binary_info    0x100035a4       0x1c
 *(.binary_info.keep.*)
 .binary_info.keep.__bi_ptr84
                0x100035a4        0x4 CMakeFiles/pico-event-hardware-impl.dir/usr/share/pico-sdk/src/rp2_common/pico_standard_binary_info/standard_binary_info.c.o
 .binary_info.keep.__bi_ptr78
                0x100035a8        0x4 CMakeFiles/pico-event-hardware-impl.dir/usr/share/pico-sdk/src/rp2_common/pico_standard_binary_info/standard_binary_info.c.o
 .binary_info.keep.__bi_ptr54
                0x100035ac        0x4 CMakeFiles/pico-event-hardware-impl.dir/usr/share/pico-sdk/src/rp2_common/pico_standard_binary_info/standard_binary_info.c.o
 .binary_info.keep.__bi_ptr48
                0x100035b0        0x4 CMakeFiles/pico-event-hardware-impl.dir/usr/share/pico-sdk/src/rp2_common/pico_standard_binary_info/standard_binary_info.c.o
 .binary_info.keep.__bi_ptr42
                0x100035b4        0x4 CMakeFiles/pico-event-hardware-impl.dir/usr/share/pico-sdk/src/rp2_common/pico_standard_binary_info/standard_binary_info.c.o
 .binary_info.keep.__bi_ptr34
                0x100035b8        0x4 CMakeFiles/pico-event-hardware-impl.dir/usr/share/pico-sdk/src/rp2_common/pico_standard_binary_info/standard_binary_info.c.o
 .binary_info.keep.__bi_ptr26
                0x100035bc        0x4 CMakeFiles/pico-event-hardware-impl.dir/usr/share/pico-sdk/src/rp2_common/pico_standard_binary_info/standard_binary_info.c.o
 *(.binary_info.*)
                0x100035c0                        __binary_info_end = .
                0x100035c0                        . = ALIGN (0x4)

.ram_vector_table
                0x20000000       0xc0
 *(.ram_vector_table)
 .ram_vector_table
                0x20000000       0xc0 CMakeFiles/pico-event-hardware-impl.dir/usr/share/pico-sdk/src/rp2_common/pico_runtime_init/runtime_init.c.o
                0x20000000                ram_vector_table

.uninitialized_data
                0x200000c0        0x0
                0x200000c0                        . = ALIGN (0x4)
 *(.uninitialized_data*)

.data           0x200000c0      0x8fc load address 0x100035c0
                0x200000c0                        __data_start__ = .
 *(vtable)
 *(.time_critical*)
 .time_critical.mutex_enter_blocking
                0x200000c0       0x44 CMakeFiles/pico-event-hardware-impl.dir/usr/share/pico-sdk/src/common/pico_sync/mutex.c.o
                0x200000c0                mutex_enter_blocking
 .time_critical.mutex_try_enter_block_until
                0x20000104       0x98 CMakeFiles/pico-event-hardware-impl.dir/usr/share/pico-sdk/src/common/pico_sync/mutex.c.o
                0x20000104                mutex_try_enter_block_until
 .time_critical.mutex_exit
                0x2000019c       0x28 CMakeFiles/pico-event-hardware-impl.dir/usr/share/pico-sdk/src/common/pico_sync/mutex.c.o
                0x2000019c                mutex_exit
 .time_critical.flash_init_boot2_copyout
                0x200001c4       0x30 CMakeFiles/pico-event-hardware-impl.dir/usr/share/pico-sdk/src/rp2_common/hardware_flash/flash.c.o
 .time_critical.flash_enable_xip_via_boot2
                0x200001f4        0xc CMakeFiles/pico-event-hardware-impl.dir/usr/share/pico-sdk/src/rp2_common/hardware_flash/flash.c.o
 .time_critical.flash_save_hardware_state
                0x20000200       0x20 CMakeFiles/pico-event-hardware-impl.dir/usr/share/pico-sdk/src/rp2_common/hardware_flash/flash.c.o
 .time_critical.flash_restore_hardware_state
                0x20000220       0x20 CMakeFiles/pico-event-hardware-impl.dir/usr/share/pico-sdk/src/rp2_common/hardware_flash/flash.c.o
 .time_critical.flash_cs_force
                0x20000240       0x38 CMakeFiles/pico-event-hardware-impl.dir/usr/share/pico-sdk/src/rp2_common/hardware_flash/flash.c.o
 .time_critical.flash_do_cmd
                0x20000278      0x13c CMakeFiles/pico-event-hardware-impl.dir/usr/share/pico-sdk/src/rp2_common/hardware_flash/flash.c.o
                0x20000278                flash_do_cmd
 *(.text*)
 .text          0x200003b4        0x4 /usr/lib/gcc/arm-none-eabi/14.2.0/thumb/v6-m/nofp/libgcc.a(_dvmd_tls.o)
                0x200003b4                __aeabi_ldiv0
                0x200003b4                __aeabi_idiv0
 .text.__stub   0x200003b8       0x10 linker stubs
                0x200003c8                        . = ALIGN (0x4)
 *(.rodata*)
                0x200003c8                        . = ALIGN (0x4)
 *(.data*)
 .data.striped_spin_lock_num
                0x200003c8        0x1 CMakeFiles/pico-event-hardware-impl.dir/usr/share/pico-sdk/src/rp2_common/hardware_sync/sync.c.o
 *fill*         0x200003c9        0x3 
 .data          0x200003cc       0x48 CMakeFiles/pico-event-hardware-impl.dir/usr/share/pico-sdk/src/rp2_common/hardware_irq/irq_handler_chain.S.o
                0x200003cc                irq_handler_chain_slots
                0x200003fc                irq_handler_chain_first_slot
                0x20000406                irq_handler_chain_remove_tail
 .data.default_alarm_pool
                0x20000414       0x18 CMakeFiles/pico-event-hardware-impl.dir/usr/share/pico-sdk/src/common/pico_time/time.c.o
 *fill*         0x2000042c        0x4 
 .data.aeabi_bits_funcs
                0x20000430       0x10 CMakeFiles/pico-event-hardware-impl.dir/usr/share/pico-sdk/src/rp2_common/pico_bit_ops/bit_ops_aeabi.S.o
                0x20000430                aeabi_bits_funcs
                0x20000440                aeabi_bits_funcs_end
 .data.aeabi_mem_funcs
                0x20000440       0x10 CMakeFiles/pico-event-hardware-impl.dir/usr/share/pico-sdk/src/rp2_common/pico_mem_ops/mem_ops_aeabi.S.o
                0x20000440                aeabi_mem_funcs
                0x20000450                aeabi_mem_funcs_end
 .data.__malloc_sbrk_base
                0x20000450        0x4 /usr/lib/gcc/arm-none-eabi/14.2.0/../../../../arm-none-eabi/lib/thumb/v6-m/nofp/libg.a(libc_a-mallocr.o)
                0x20000450                __malloc_sbrk_base
 .data.__malloc_trim_threshold
                0x20000454        0x4 /usr/lib/gcc/arm-none-eabi/14.2.0/../../../../arm-none-eabi/lib/thumb/v6-m/nofp/libg.a(libc_a-mallocr.o)
                0x20000454                __malloc_trim_threshold
 .data.__malloc_av_
                0x20000458      0x408 /usr/lib/gcc/arm-none-eabi/14.2.0/../../../../arm-none-eabi/lib/thumb/v6-m/nofp/libg.a(libc_a-mallocr.o)
                0x20000458                __malloc_av_
 .data._impure_ptr
                0x20000860        0x4 /usr/lib/gcc/arm-none-eabi/14.2.0/../../../../arm-none-eabi/lib/thumb/v6-m/nofp/libg.a(libc_a-impure.o)
                0x20000860                _impure_ptr
 *fill*         0x20000864        0x4 
 .data._impure_data
                0x20000868      0x140 /usr/lib/gcc/arm-none-eabi/14.2.0/../../../../arm-none-eabi/lib/thumb/v6-m/nofp/libg.a(libc_a-impure.o)
                0x20000868                _impure_data
 .data.__atexit_recursive_mutex
                0x200009a8        0x4 /usr/lib/gcc/arm-none-eabi/14.2.0/../../../../arm-none-eabi/lib/thumb/v6-m/nofp/libg.a(libc_a-__call_atexit.o)
                0x200009a8                __atexit_recursive_mutex
                0x200009ac                        . = ALIGN (0x4)
 *(.after_data.*)
                0x200009ac                        . = ALIGN (0x4)
                0x200009ac                        PROVIDE (__mutex_array_start = .)
 *(SORT_BY_NAME(.mutex_array.*))
 *(.mutex_array)
 .mutex_array   0x200009ac        0x8 CMakeFiles/pico-event-hardware-impl.dir/usr/share/pico-sdk/src/rp2_common/pico_malloc/malloc.c.o
 .mutex_array   0x200009b4        0x8 CMakeFiles/pico-event-hardware-impl.dir/usr/share/pico-sdk/src/rp2_common/pico_stdio/stdio.c.o
                0x200009bc                        PROVIDE (__mutex_array_end = .)
                0x200009bc                        . = ALIGN (0x4)
 *(.jcr)
                0x200009bc                        . = ALIGN (0x4)

.igot.plt       0x200009bc        0x0 load address 0x10003ebc
 .igot.plt      0x200009bc        0x0 /usr/lib/gcc/arm-none-eabi/14.2.0/thumb/v6-m/nofp/crtbegin.o

.tdata          0x200009bc        0x0 load address 0x10003ebc
                0x200009bc                        . = ALIGN (0x4)
 *(.tdata .tdata.* .gnu.linkonce.td.*)
                0x200009bc                        __tdata_end = .
                0x200009bc                        PROVIDE (__data_end__ = .)
                0x100035c0                        __etext = LOADADDR (.data)

.tbss           0x200009bc        0x0 load address 0x10003ebc
                0x200009bc                        . = ALIGN (0x4)
                0x200009bc                        __bss_start__ = .
                0x200009bc                        __tls_base = .
 *(.tbss .tbss.* .gnu.linkonce.tb.*)
 *(.tcommon)
                0x200009bc                        __tls_end = .

.bss            0x200009c0      0x89c load address 0x10003ebc
                0x200009c0                        . = ALIGN (0x4)
                0x200009c0                        __tbss_end = .
 *(SORT_BY_ALIGNMENT(SORT_BY_NAME(.bss*)))
 .bss.default_alarm_pool_entries
                0x200009c0      0x180 CMakeFiles/pico-event-hardware-impl.dir/usr/share/pico-sdk/src/common/pico_time/time.c.o
 .bss.sd_table  0x20000b40      0x100 CMakeFiles/pico-event-hardware-impl.dir/usr/share/pico-sdk/src/rp2_common/pico_double/double_init_rom_rp2040.c.o
                0x20000b40                sd_table
 .bss.sf_table  0x20000c40      0x100 CMakeFiles/pico-event-hardware-impl.dir/usr/share/pico-sdk/src/rp2_common/pico_float/float_init_rom_rp2040.c.o
                0x20000c40                sf_table
 .bss._ZN10GPIODevice9instancesE
                0x20000d40       0x78 build/libpico-event-hardware.a(GPIODevice.cpp.o)
                0x20000d40                GPIODevice::instances
 .bss._ZN5Event11event_queueE
                0x20000db8       0x10 build/libpico-event-hardware.a(Event.cpp.o)
                0x20000db8                Event::event_queue
 .bss.__atexit  0x20000dc8        0x4 /usr/lib/gcc/arm-none-eabi/14.2.0/../../../../arm-none-eabi/lib/thumb/v6-m/nofp/libg.a(libc_a-__call_atexit.o)
                0x20000dc8                __atexit
 .bss.__atexit0
                0x20000dcc      0x190 /usr/lib/gcc/arm-none-eabi/14.2.0/../../../../arm-none-eabi/lib/thumb/v6-m/nofp/libg.a(libc_a-__atexit.o)
                0x20000dcc                __atexit0
 .bss.__lock___atexit_recursive_mutex
                0x20000f5c        0x1 /usr/lib/gcc/arm-none-eabi/14.2.0/../../../../arm-none-eabi/lib/thumb/v6-m/nofp/libg.a(libc_a-lock.o)
                0x20000f5c                __lock___atexit_recursive_mutex
 *fill*         0x20000f5d        0x3 
 .bss.__lock___malloc_recursive_mutex
                0x20000f60        0x1 /usr/lib/gcc/arm-none-eabi/14.2.0/../../../../arm-none-eabi/lib/thumb/v6-m/nofp/libg.a(libc_a-lock.o)
                0x20000f60                __lock___malloc_recursive_mutex
 *fill*         0x20000f61        0x3 
 .bss.__malloc_current_mallinfo
                0x20000f64       0x28 /usr/lib/gcc/arm-none-eabi/14.2.0/../../../../arm-none-eabi/lib/thumb/v6-m/nofp/libg.a(libc_a-mallocr.o)
                0x20000f64                __malloc_current_mallinfo
 .bss.__malloc_max_sbrked_mem
                0x20000f8c        0x4 /usr/lib/gcc/arm-none-eabi/14.2.0/../../../../arm-none-eabi/lib/thumb/v6-m/nofp/libg.a(libc_a-mallocr.o)
                0x20000f8c                __malloc_max_sbrked_mem
 .bss.__malloc_max_total_mem
                0x20000f90        0x4 /usr/lib/gcc/arm-none-eabi/14.2.0/../../../../arm-none-eabi/lib/thumb/v6-m/nofp/libg.a(libc_a-mallocr.o)
                0x20000f90                __malloc_max_total_mem
 .bss.__malloc_top_pad
                0x20000f94        0x4 /usr/lib/gcc/arm-none-eabi/14.2.0/../../../../arm-none-eabi/lib/thumb/v6-m/nofp/libg.a(libc_a-mallocr.o)
                0x20000f94                __malloc_top_pad
 .bss.__sf      0x20000f98      0x138 /usr/lib/gcc/arm-none-eabi/14.2.0/../../../../arm-none-eabi/lib/thumb/v6-m/nofp/libg.a(libc_a-findfp.o)
                0x20000f98                __sf
 .bss.boot2_copyout
                0x200010d0      0x100 CMakeFiles/pico-event-hardware-impl.dir/usr/share/pico-sdk/src/rp2_common/hardware_flash/flash.c.o
 .bss.callbacks
                0x200011d0        0x8 CMakeFiles/pico-event-hardware-impl.dir/usr/share/pico-sdk/src/rp2_common/hardware_gpio/gpio.c.o
 .bss.claimed   0x200011d8        0x1 CMakeFiles/pico-event-hardware-impl.dir/usr/share/pico-sdk/src/rp2_common/hardware_timer/timer.c.o
 *fill*         0x200011d9        0x3 
 .bss.configured_freq
                0x200011dc       0x28 CMakeFiles/pico-event-hardware-impl.dir/usr/share/pico-sdk/src/rp2_common/hardware_clocks/clocks.c.o
 .bss.drivers   0x20001204        0x4 CMakeFiles/pico-event-hardware-impl.dir/usr/share/pico-sdk/src/rp2_common/pico_stdio/stdio.c.o
 .bss.errno     0x20001208        0x4 /usr/lib/gcc/arm-none-eabi/14.2.0/../../../../arm-none-eabi/lib/thumb/v6-m/nofp/libg.a(libc_a-reent.o)
                0x20001208                errno
 .bss.filter    0x2000120c        0x4 CMakeFiles/pico-event-hardware-impl.dir/usr/share/pico-sdk/src/rp2_common/pico_stdio/stdio.c.o
 .bss.heap_end.0
                0x20001210        0x4 CMakeFiles/pico-event-hardware-impl.dir/usr/share/pico-sdk/src/rp2_common/pico_clib_interface/newlib_interface.c.o
 .bss.lazy_vsnprintf
                0x20001214        0x4 CMakeFiles/pico-event-hardware-impl.dir/usr/share/pico-sdk/src/rp2_common/pico_printf/printf.c.o
 .bss.object.0  0x20001218       0x18 /usr/lib/gcc/arm-none-eabi/14.2.0/thumb/v6-m/nofp/crtbegin.o
 .bss.pools     0x20001230       0x10 CMakeFiles/pico-event-hardware-impl.dir/usr/share/pico-sdk/src/common/pico_time/time.c.o
 .bss.raw_irq_mask
                0x20001240        0x8 CMakeFiles/pico-event-hardware-impl.dir/usr/share/pico-sdk/src/rp2_common/hardware_gpio/gpio.c.o
 .bss.retrieved_id
                0x20001248        0x8 CMakeFiles/pico-event-hardware-impl.dir/usr/share/pico-sdk/src/rp2_common/pico_unique_id/unique_id.c.o
 .bss.sf_clz_func
                0x20001250        0x4 CMakeFiles/pico-event-hardware-impl.dir/usr/share/pico-sdk/src/rp2_common/pico_double/double_init_rom_rp2040.c.o
                0x20001250                sf_clz_func
 .bss.sleep_notifier
                0x20001254        0x4 CMakeFiles/pico-event-hardware-impl.dir/usr/share/pico-sdk/src/common/pico_time/time.c.o
 .bss._ZN5Event13is_queue_initE
                0x20001258        0x1 build/libpico-event-hardware.a(Event.cpp.o)
                0x20001258                Event::is_queue_init
 .bss.boot2_copyout_valid
                0x20001259        0x1 CMakeFiles/pico-event-hardware-impl.dir/usr/share/pico-sdk/src/rp2_common/hardware_flash/flash.c.o
 .bss.irq_handler_chain_free_slot_head
                0x2000125a        0x1 CMakeFiles/pico-event-hardware-impl.dir/usr/share/pico-sdk/src/rp2_common/hardware_irq/irq.c.o
 *(COMMON)
                0x2000125c                        . = ALIGN (0x4)
 *fill*         0x2000125b        0x1 
                0x2000125c                        __bss_end__ = .

.heap           0x2000125c      0x800 load address 0x10003ebc
                0x2000125c                        __end__ = .
                0x2000125c                        end = __end__
 *(.heap*)
 .heap          0x2000125c      0x800 CMakeFiles/pico-event-hardware-impl.dir/usr/share/pico-sdk/src/rp2_common/pico_crt0/crt0.S.o
                0x20040000                        __HeapLimit = (ORIGIN (RAM) + LENGTH (RAM))

.scratch_x      0x20040000        0x0 load address 0x10003ebc
                0x20040000                        __scratch_x_start__ = .
 *(.scratch_x.*)
                0x20040000                        . = ALIGN (0x4)
                0x20040000                        __scratch_x_end__ = .
                0x10003ebc                        __scratch_x_source__ = LOADADDR (.scratch_x)

.scratch_y      0x20041000        0x0 load address 0x10003ebc
                0x20041000                        __scratch_y_start__ = .
 *(.scratch_y.*)
                0x20041000                        . = ALIGN (0x4)
                0x20041000                        __scratch_y_end__ = .
                0x10003ebc                        __scratch_y_source__ = LOADADDR (.scratch_y)

.stack1_dummy   0x20040000      0x800
 *(.stack1*)
 .stack1        0x20040000      0x800 CMakeFiles/pico-event-hardware-impl.dir/usr/share/pico-sdk/src/rp2_common/pico_multicore/multicore.c.o

.stack_dummy    0x20041000      0x800
 *(.stack*)
 .stack         0x20041000      0x800 CMakeFiles/pico-event-hardware-impl.dir/usr/share/pico-sdk/src/rp2_common/pico_crt0/crt0.S.o

.rel.dyn        0x20041800        0x0
 .rel.iplt      0x20041800        0x0 /usr/lib/gcc/arm-none-eabi/14.2.0/thumb/v6-m/nofp/crtbegin.o

.flash_end      0x10003ebc        0x0
 *(.embedded_end_block*)
                0x10003ebc                        PROVIDE (__flash_binary_end = .)
                0x20040000                        __StackLimit = (ORIGIN (RAM) + LENGTH (RAM))
                0x20041000                        __StackOneTop = (ORIGIN (SCRATCH_X) + LENGTH (SCRATCH_X))
                0x20042000                        __StackTop = (ORIGIN (SCRATCH_Y) + LENGTH (SCRATCH_Y))
                0x20040800                        __StackOneBottom = (__StackOneTop - SIZEOF (.stack1_dummy))
                0x20041800                        __StackBottom = (__StackTop - SIZEOF (.stack_dummy))
                0x20042000                        PROVIDE (__stack = __StackTop)
                [!provide]                        PROVIDE (__heap_start = __end__)
                [!provide]                        PROVIDE (__heap_end = __HeapLimit)
                [!provide]                        PROVIDE (__tls_align = MAX (ALIGNOF (.tdata), ALIGNOF (.tbss)))
                [!provide]                        PROVIDE (__tls_size_align = (((__tls_size + __tls_align) - 0x1) & ~ ((__tls_align - 0x1))))
                [!provide]                        PROVIDE (__arm32_tls_tcb_offset = MAX (0x8, __tls_align))
                [!provide]                        PROVIDE (_end = __end__)
                [!provide]                        PROVIDE (__llvm_libc_heap_limit = __HeapLimit)
                0x00000001                        ASSERT ((__StackLimit >= __HeapLimit), region RAM overflowed)
                0x00000001                        ASSERT (((__binary_info_header_end - __logical_binary_start) <= 0x100), Binary info must be in first 256 bytes of the binary)
LOAD CMakeFiles/pico-event-hardware-impl.dir/src/main.cpp.o
LOAD CMakeFiles/pico-event-hardware-impl.dir/usr/share/pico-sdk/src/rp2_common/pico_stdlib/stdlib.c.o
LOAD CMakeFiles/pico-event-hardware-impl.dir/usr/share/pico-sdk/src/rp2_common/hardware_gpio/gpio.c.o
LOAD CMakeFiles/pico-event-hardware-impl.dir/usr/share/pico-sdk/src/rp2040/pico_platform/platform.c.o
LOAD CMakeFiles/pico-event-hardware-impl.dir/usr/share/pico-sdk/src/rp2_common/pico_platform_common/common.c.o
LOAD CMakeFiles/pico-event-hardware-impl.dir/usr/share/pico-sdk/src/rp2_common/pico_platform_panic/panic.c.o
LOAD CMakeFiles/pico-event-hardware-impl.dir/usr/share/pico-sdk/src/common/hardware_claim/claim.c.o
LOAD CMakeFiles/pico-event-hardware-impl.dir/usr/share/pico-sdk/src/rp2_common/hardware_sync/sync.c.o
LOAD CMakeFiles/pico-event-hardware-impl.dir/usr/share/pico-sdk/src/rp2_common/hardware_sync_spin_lock/sync_spin_lock.c.o
LOAD CMakeFiles/pico-event-hardware-impl.dir/usr/share/pico-sdk/src/rp2_common/hardware_irq/irq.c.o
LOAD CMakeFiles/pico-event-hardware-impl.dir/usr/share/pico-sdk/src/rp2_common/hardware_irq/irq_handler_chain.S.o
LOAD CMakeFiles/pico-event-hardware-impl.dir/usr/share/pico-sdk/src/common/pico_sync/sem.c.o
LOAD CMakeFiles/pico-event-hardware-impl.dir/usr/share/pico-sdk/src/common/pico_sync/lock_core.c.o
LOAD CMakeFiles/pico-event-hardware-impl.dir/usr/share/pico-sdk/src/common/pico_sync/mutex.c.o
LOAD CMakeFiles/pico-event-hardware-impl.dir/usr/share/pico-sdk/src/common/pico_sync/critical_section.c.o
LOAD CMakeFiles/pico-event-hardware-impl.dir/usr/share/pico-sdk/src/common/pico_time/time.c.o
LOAD CMakeFiles/pico-event-hardware-impl.dir/usr/share/pico-sdk/src/common/pico_time/timeout_helper.c.o
LOAD CMakeFiles/pico-event-hardware-impl.dir/usr/share/pico-sdk/src/rp2_common/hardware_timer/timer.c.o
LOAD CMakeFiles/pico-event-hardware-impl.dir/usr/share/pico-sdk/src/common/pico_util/datetime.c.o
LOAD CMakeFiles/pico-event-hardware-impl.dir/usr/share/pico-sdk/src/common/pico_util/pheap.c.o
LOAD CMakeFiles/pico-event-hardware-impl.dir/usr/share/pico-sdk/src/common/pico_util/queue.c.o
LOAD CMakeFiles/pico-event-hardware-impl.dir/usr/share/pico-sdk/src/rp2_common/hardware_uart/uart.c.o
LOAD CMakeFiles/pico-event-hardware-impl.dir/usr/share/pico-sdk/src/rp2_common/hardware_clocks/clocks.c.o
LOAD CMakeFiles/pico-event-hardware-impl.dir/usr/share/pico-sdk/src/rp2_common/hardware_pll/pll.c.o
LOAD CMakeFiles/pico-event-hardware-impl.dir/usr/share/pico-sdk/src/rp2_common/hardware_vreg/vreg.c.o
LOAD CMakeFiles/pico-event-hardware-impl.dir/usr/share/pico-sdk/src/rp2_common/hardware_watchdog/watchdog.c.o
LOAD CMakeFiles/pico-event-hardware-impl.dir/usr/share/pico-sdk/src/rp2_common/hardware_ticks/ticks.c.o
LOAD CMakeFiles/pico-event-hardware-impl.dir/usr/share/pico-sdk/src/rp2_common/pico_bootrom/bootrom.c.o
LOAD CMakeFiles/pico-event-hardware-impl.dir/usr/share/pico-sdk/src/rp2_common/pico_bootrom/bootrom_lock.c.o
LOAD CMakeFiles/pico-event-hardware-impl.dir/usr/share/pico-sdk/src/rp2_common/hardware_boot_lock/boot_lock.c.o
LOAD CMakeFiles/pico-event-hardware-impl.dir/usr/share/pico-sdk/src/rp2_common/pico_flash/flash.c.o
LOAD CMakeFiles/pico-event-hardware-impl.dir/usr/share/pico-sdk/src/rp2_common/hardware_xosc/xosc.c.o
LOAD CMakeFiles/pico-event-hardware-impl.dir/usr/share/pico-sdk/src/rp2_common/hardware_divider/divider.S.o
LOAD CMakeFiles/pico-event-hardware-impl.dir/usr/share/pico-sdk/src/rp2_common/pico_runtime/runtime.c.o
LOAD CMakeFiles/pico-event-hardware-impl.dir/usr/share/pico-sdk/src/rp2_common/pico_runtime_init/runtime_init.c.o
LOAD CMakeFiles/pico-event-hardware-impl.dir/usr/share/pico-sdk/src/rp2_common/pico_runtime_init/runtime_init_clocks.c.o
LOAD CMakeFiles/pico-event-hardware-impl.dir/usr/share/pico-sdk/src/rp2_common/pico_runtime_init/runtime_init_stack_guard.c.o
LOAD CMakeFiles/pico-event-hardware-impl.dir/usr/share/pico-sdk/src/rp2_common/pico_bit_ops/bit_ops_aeabi.S.o
LOAD CMakeFiles/pico-event-hardware-impl.dir/usr/share/pico-sdk/src/rp2_common/pico_divider/divider_hardware.S.o
LOAD CMakeFiles/pico-event-hardware-impl.dir/usr/share/pico-sdk/src/rp2_common/pico_double/double_aeabi_rp2040.S.o
LOAD CMakeFiles/pico-event-hardware-impl.dir/usr/share/pico-sdk/src/rp2_common/pico_double/double_init_rom_rp2040.c.o
LOAD CMakeFiles/pico-event-hardware-impl.dir/usr/share/pico-sdk/src/rp2_common/pico_double/double_math.c.o
LOAD CMakeFiles/pico-event-hardware-impl.dir/usr/share/pico-sdk/src/rp2_common/pico_double/double_v1_rom_shim_rp2040.S.o
LOAD CMakeFiles/pico-event-hardware-impl.dir/usr/share/pico-sdk/src/rp2_common/pico_int64_ops/pico_int64_ops_aeabi.S.o
LOAD CMakeFiles/pico-event-hardware-impl.dir/usr/share/pico-sdk/src/rp2_common/pico_float/float_aeabi_rp2040.S.o
LOAD CMakeFiles/pico-event-hardware-impl.dir/usr/share/pico-sdk/src/rp2_common/pico_float/float_init_rom_rp2040.c.o
LOAD CMakeFiles/pico-event-hardware-impl.dir/usr/share/pico-sdk/src/rp2_common/pico_float/float_math.c.o
LOAD CMakeFiles/pico-event-hardware-impl.dir/usr/share/pico-sdk/src/rp2_common/pico_float/float_v1_rom_shim_rp2040.S.o
LOAD CMakeFiles/pico-event-hardware-impl.dir/usr/share/pico-sdk/src/rp2_common/pico_malloc/malloc.c.o
LOAD CMakeFiles/pico-event-hardware-impl.dir/usr/share/pico-sdk/src/rp2_common/pico_mem_ops/mem_ops_aeabi.S.o
LOAD CMakeFiles/pico-event-hardware-impl.dir/usr/share/pico-sdk/src/rp2_common/pico_atomic/atomic.c.o
LOAD CMakeFiles/pico-event-hardware-impl.dir/usr/share/pico-sdk/src/rp2_common/pico_cxx_options/new_delete.cpp.o
LOAD CMakeFiles/pico-event-hardware-impl.dir/usr/share/pico-sdk/src/rp2_common/pico_standard_binary_info/standard_binary_info.c.o
LOAD CMakeFiles/pico-event-hardware-impl.dir/usr/share/pico-sdk/src/rp2_common/pico_printf/printf.c.o
LOAD CMakeFiles/pico-event-hardware-impl.dir/usr/share/pico-sdk/src/rp2_common/pico_crt0/crt0.S.o
LOAD CMakeFiles/pico-event-hardware-impl.dir/usr/share/pico-sdk/src/rp2_common/pico_clib_interface/newlib_interface.c.o
LOAD CMakeFiles/pico-event-hardware-impl.dir/usr/share/pico-sdk/src/rp2_common/pico_stdio/stdio.c.o
LOAD CMakeFiles/pico-event-hardware-impl.dir/usr/share/pico-sdk/src/rp2_common/pico_stdio_uart/stdio_uart.c.o
LOAD CMakeFiles/pico-event-hardware-impl.dir/usr/share/pico-sdk/src/rp2_common/pico_stdio_usb/reset_interface.c.o
LOAD CMakeFiles/pico-event-hardware-impl.dir/usr/share/pico-sdk/src/rp2_common/pico_stdio_usb/stdio_usb.c.o
LOAD CMakeFiles/pico-event-hardware-impl.dir/usr/share/pico-sdk/src/rp2_common/pico_stdio_usb/stdio_usb_descriptors.c.o
LOAD CMakeFiles/pico-event-hardware-impl.dir/usr/share/pico-sdk/src/rp2_common/pico_unique_id/unique_id.c.o
LOAD CMakeFiles/pico-event-hardware-impl.dir/usr/share/pico-sdk/src/rp2_common/hardware_flash/flash.c.o
LOAD CMakeFiles/pico-event-hardware-impl.dir/usr/share/pico-sdk/src/rp2_common/hardware_xip_cache/xip_cache.c.o
LOAD CMakeFiles/pico-event-hardware-impl.dir/usr/share/pico-sdk/lib/tinyusb/src/portable/raspberrypi/rp2040/dcd_rp2040.c.o
LOAD CMakeFiles/pico-event-hardware-impl.dir/usr/share/pico-sdk/lib/tinyusb/src/portable/raspberrypi/rp2040/rp2040_usb.c.o
LOAD CMakeFiles/pico-event-hardware-impl.dir/usr/share/pico-sdk/lib/tinyusb/src/device/usbd.c.o
LOAD CMakeFiles/pico-event-hardware-impl.dir/usr/share/pico-sdk/lib/tinyusb/src/device/usbd_control.c.o
LOAD CMakeFiles/pico-event-hardware-impl.dir/usr/share/pico-sdk/lib/tinyusb/src/class/audio/audio_device.c.o
LOAD CMakeFiles/pico-event-hardware-impl.dir/usr/share/pico-sdk/lib/tinyusb/src/class/cdc/cdc_device.c.o
LOAD CMakeFiles/pico-event-hardware-impl.dir/usr/share/pico-sdk/lib/tinyusb/src/class/dfu/dfu_device.c.o
LOAD CMakeFiles/pico-event-hardware-impl.dir/usr/share/pico-sdk/lib/tinyusb/src/class/dfu/dfu_rt_device.c.o
LOAD CMakeFiles/pico-event-hardware-impl.dir/usr/share/pico-sdk/lib/tinyusb/src/class/hid/hid_device.c.o
LOAD CMakeFiles/pico-event-hardware-impl.dir/usr/share/pico-sdk/lib/tinyusb/src/class/midi/midi_device.c.o
LOAD CMakeFiles/pico-event-hardware-impl.dir/usr/share/pico-sdk/lib/tinyusb/src/class/msc/msc_device.c.o
LOAD CMakeFiles/pico-event-hardware-impl.dir/usr/share/pico-sdk/lib/tinyusb/src/class/net/ecm_rndis_device.c.o
LOAD CMakeFiles/pico-event-hardware-impl.dir/usr/share/pico-sdk/lib/tinyusb/src/class/net/ncm_device.c.o
LOAD CMakeFiles/pico-event-hardware-impl.dir/usr/share/pico-sdk/lib/tinyusb/src/class/usbtmc/usbtmc_device.c.o
LOAD CMakeFiles/pico-event-hardware-impl.dir/usr/share/pico-sdk/lib/tinyusb/src/class/vendor/vendor_device.c.o
LOAD CMakeFiles/pico-event-hardware-impl.dir/usr/share/pico-sdk/lib/tinyusb/src/class/video/video_device.c.o
LOAD CMakeFiles/pico-event-hardware-impl.dir/usr/share/pico-sdk/lib/tinyusb/src/tusb.c.o
LOAD CMakeFiles/pico-event-hardware-impl.dir/usr/share/pico-sdk/lib/tinyusb/src/common/tusb_fifo.c.o
LOAD CMakeFiles/pico-event-hardware-impl.dir/usr/share/pico-sdk/src/rp2_common/pico_fix/rp2040_usb_device_enumeration/rp2040_usb_device_enumeration.c.o
LOAD CMakeFiles/pico-event-hardware-impl.dir/usr/share/pico-sdk/src/rp2_common/pico_multicore/multicore.c.o
LOAD pico-sdk/src/rp2040/boot_stage2/CMakeFiles/bs2_default_library.dir/bs2_default_padded_checksummed.S.o
LOAD build/libpico-event-hardware.a
LOAD /usr/lib/gcc/arm-none-eabi/14.2.0/../../../../arm-none-eabi/lib/thumb/v6-m/nofp/libstdc++.a
LOAD /usr/lib/gcc/arm-none-eabi/14.2.0/../../../../arm-none-eabi/lib/thumb/v6-m/nofp/libm.a
START GROUP
LOAD /usr/lib/gcc/arm-none-eabi/14.2.0/thumb/v6-m/nofp/libgcc.a
LOAD /usr/lib/gcc/arm-none-eabi/14.2.0/../../../../arm-none-eabi/lib/thumb/v6-m/nofp/libg.a
LOAD /usr/lib/gcc/arm-none-eabi/14.2.0/../../../../arm-none-eabi/lib/thumb/v6-m/nofp/libc.a
END GROUP
START GROUP
LOAD /usr/lib/gcc/arm-none-eabi/14.2.0/thumb/v6-m/nofp/libgcc.a
LOAD /usr/lib/gcc/arm-none-eabi/14.2.0/../../../../arm-none-eabi/lib/thumb/v6-m/nofp/libc.a
LOAD /usr/lib/gcc/arm-none-eabi/14.2.0/../../../../arm-none-eabi/lib/thumb/v6-m/nofp/libnosys.a
END GROUP
LOAD /usr/lib/gcc/arm-none-eabi/14.2.0/thumb/v6-m/nofp/crtend.o
LOAD /usr/lib/gcc/arm-none-eabi/14.2.0/thumb/v6-m/nofp/crtn.o
OUTPUT(pico-event-hardware-impl.elf elf32-littlearm)
LOAD linker stubs

.ARM.attributes
                0x00000000       0x28
 .ARM.attributes
                0x00000000       0x1e /usr/lib/gcc/arm-none-eabi/14.2.0/thumb/v6-m/nofp/crti.o
 .ARM.attributes
                0x0000001e       0x2c /usr/lib/gcc/arm-none-eabi/14.2.0/thumb/v6-m/nofp/crtbegin.o
 .ARM.attributes
                0x0000004a       0x2c CMakeFiles/pico-event-hardware-impl.dir/src/main.cpp.o
 .ARM.attributes
                0x00000076       0x2c CMakeFiles/pico-event-hardware-impl.dir/usr/share/pico-sdk/src/rp2_common/hardware_gpio/gpio.c.o
 .ARM.attributes
                0x000000a2       0x2c CMakeFiles/pico-event-hardware-impl.dir/usr/share/pico-sdk/src/rp2_common/pico_platform_panic/panic.c.o
 .ARM.attributes
                0x000000ce       0x2c CMakeFiles/pico-event-hardware-impl.dir/usr/share/pico-sdk/src/common/hardware_claim/claim.c.o
 .ARM.attributes
                0x000000fa       0x2c CMakeFiles/pico-event-hardware-impl.dir/usr/share/pico-sdk/src/rp2_common/hardware_sync/sync.c.o
 .ARM.attributes
                0x00000126       0x2c CMakeFiles/pico-event-hardware-impl.dir/usr/share/pico-sdk/src/rp2_common/hardware_sync_spin_lock/sync_spin_lock.c.o
 .ARM.attributes
                0x00000152       0x2c CMakeFiles/pico-event-hardware-impl.dir/usr/share/pico-sdk/src/rp2_common/hardware_irq/irq.c.o
 .ARM.attributes
                0x0000017e       0x22 CMakeFiles/pico-event-hardware-impl.dir/usr/share/pico-sdk/src/rp2_common/hardware_irq/irq_handler_chain.S.o
 .ARM.attributes
                0x000001a0       0x2c CMakeFiles/pico-event-hardware-impl.dir/usr/share/pico-sdk/src/common/pico_sync/lock_core.c.o
 .ARM.attributes
                0x000001cc       0x2c CMakeFiles/pico-event-hardware-impl.dir/usr/share/pico-sdk/src/common/pico_sync/mutex.c.o
 .ARM.attributes
                0x000001f8       0x2c CMakeFiles/pico-event-hardware-impl.dir/usr/share/pico-sdk/src/common/pico_time/time.c.o
 .ARM.attributes
                0x00000224       0x2c CMakeFiles/pico-event-hardware-impl.dir/usr/share/pico-sdk/src/rp2_common/hardware_timer/timer.c.o
 .ARM.attributes
                0x00000250       0x2c CMakeFiles/pico-event-hardware-impl.dir/usr/share/pico-sdk/src/common/pico_util/queue.c.o
 .ARM.attributes
                0x0000027c       0x2c CMakeFiles/pico-event-hardware-impl.dir/usr/share/pico-sdk/src/rp2_common/hardware_clocks/clocks.c.o
 .ARM.attributes
                0x000002a8       0x2c CMakeFiles/pico-event-hardware-impl.dir/usr/share/pico-sdk/src/rp2_common/hardware_pll/pll.c.o
 .ARM.attributes
                0x000002d4       0x2c CMakeFiles/pico-event-hardware-impl.dir/usr/share/pico-sdk/src/rp2_common/hardware_ticks/ticks.c.o
 .ARM.attributes
                0x00000300       0x2c CMakeFiles/pico-event-hardware-impl.dir/usr/share/pico-sdk/src/rp2_common/pico_bootrom/bootrom.c.o
 .ARM.attributes
                0x0000032c       0x2c CMakeFiles/pico-event-hardware-impl.dir/usr/share/pico-sdk/src/rp2_common/hardware_xosc/xosc.c.o
 .ARM.attributes
                0x00000358       0x2c CMakeFiles/pico-event-hardware-impl.dir/usr/share/pico-sdk/src/rp2_common/pico_runtime/runtime.c.o
 .ARM.attributes
                0x00000384       0x2c CMakeFiles/pico-event-hardware-impl.dir/usr/share/pico-sdk/src/rp2_common/pico_runtime_init/runtime_init.c.o
 .ARM.attributes
                0x000003b0       0x2c CMakeFiles/pico-event-hardware-impl.dir/usr/share/pico-sdk/src/rp2_common/pico_runtime_init/runtime_init_clocks.c.o
 .ARM.attributes
                0x000003dc       0x22 CMakeFiles/pico-event-hardware-impl.dir/usr/share/pico-sdk/src/rp2_common/pico_bit_ops/bit_ops_aeabi.S.o
 .ARM.attributes
                0x000003fe       0x22 CMakeFiles/pico-event-hardware-impl.dir/usr/share/pico-sdk/src/rp2_common/pico_divider/divider_hardware.S.o
 .ARM.attributes
                0x00000420       0x22 CMakeFiles/pico-event-hardware-impl.dir/usr/share/pico-sdk/src/rp2_common/pico_double/double_aeabi_rp2040.S.o
 .ARM.attributes
                0x00000442       0x2c CMakeFiles/pico-event-hardware-impl.dir/usr/share/pico-sdk/src/rp2_common/pico_double/double_init_rom_rp2040.c.o
 .ARM.attributes
                0x0000046e       0x22 CMakeFiles/pico-event-hardware-impl.dir/usr/share/pico-sdk/src/rp2_common/pico_double/double_v1_rom_shim_rp2040.S.o
 .ARM.attributes
                0x00000490       0x22 CMakeFiles/pico-event-hardware-impl.dir/usr/share/pico-sdk/src/rp2_common/pico_int64_ops/pico_int64_ops_aeabi.S.o
 .ARM.attributes
                0x000004b2       0x22 CMakeFiles/pico-event-hardware-impl.dir/usr/share/pico-sdk/src/rp2_common/pico_float/float_aeabi_rp2040.S.o
 .ARM.attributes
                0x000004d4       0x2c CMakeFiles/pico-event-hardware-impl.dir/usr/share/pico-sdk/src/rp2_common/pico_float/float_init_rom_rp2040.c.o
 .ARM.attributes
                0x00000500       0x22 CMakeFiles/pico-event-hardware-impl.dir/usr/share/pico-sdk/src/rp2_common/pico_float/float_v1_rom_shim_rp2040.S.o
 .ARM.attributes
                0x00000522       0x2c CMakeFiles/pico-event-hardware-impl.dir/usr/share/pico-sdk/src/rp2_common/pico_malloc/malloc.c.o
 .ARM.attributes
                0x0000054e       0x22 CMakeFiles/pico-event-hardware-impl.dir/usr/share/pico-sdk/src/rp2_common/pico_mem_ops/mem_ops_aeabi.S.o
 .ARM.attributes
                0x00000570       0x2c CMakeFiles/pico-event-hardware-impl.dir/usr/share/pico-sdk/src/rp2_common/pico_cxx_options/new_delete.cpp.o
 .ARM.attributes
                0x0000059c       0x2c CMakeFiles/pico-event-hardware-impl.dir/usr/share/pico-sdk/src/rp2_common/pico_standard_binary_info/standard_binary_info.c.o
 .ARM.attributes
                0x000005c8       0x2c CMakeFiles/pico-event-hardware-impl.dir/usr/share/pico-sdk/src/rp2_common/pico_printf/printf.c.o
 .ARM.attributes
                0x000005f4       0x22 CMakeFiles/pico-event-hardware-impl.dir/usr/share/pico-sdk/src/rp2_common/pico_crt0/crt0.S.o
 .ARM.attributes
                0x00000616       0x2c CMakeFiles/pico-event-hardware-impl.dir/usr/share/pico-sdk/src/rp2_common/pico_clib_interface/newlib_interface.c.o
 .ARM.attributes
                0x00000642       0x2c CMakeFiles/pico-event-hardware-impl.dir/usr/share/pico-sdk/src/rp2_common/pico_stdio/stdio.c.o
 .ARM.attributes
                0x0000066e       0x2c CMakeFiles/pico-event-hardware-impl.dir/usr/share/pico-sdk/src/rp2_common/pico_unique_id/unique_id.c.o
 .ARM.attributes
                0x0000069a       0x2c CMakeFiles/pico-event-hardware-impl.dir/usr/share/pico-sdk/src/rp2_common/hardware_flash/flash.c.o
 .ARM.attributes
                0x000006c6       0x2c CMakeFiles/pico-event-hardware-impl.dir/usr/share/pico-sdk/src/rp2_common/pico_multicore/multicore.c.o
 .ARM.attributes
                0x000006f2       0x22 pico-sdk/src/rp2040/boot_stage2/CMakeFiles/bs2_default_library.dir/bs2_default_padded_checksummed.S.o
 .ARM.attributes
                0x00000714       0x2c build/libpico-event-hardware.a(Event.cpp.o)
 .ARM.attributes
                0x00000740       0x2c build/libpico-event-hardware.a(GPIODevice.cpp.o)
 .ARM.attributes
                0x0000076c       0x2c build/libpico-event-hardware.a(Timer.cpp.o)
 .ARM.attributes
                0x00000798       0x2c build/libpico-event-hardware.a(Button.cpp.o)
 .ARM.attributes
                0x000007c4       0x1e /usr/lib/gcc/arm-none-eabi/14.2.0/thumb/v6-m/nofp/libgcc.a(_dvmd_tls.o)
 .ARM.attributes
                0x000007e2       0x2c /usr/lib/gcc/arm-none-eabi/14.2.0/../../../../arm-none-eabi/lib/thumb/v6-m/nofp/libg.a(libc_a-atexit.o)
 .ARM.attributes
                0x0000080e       0x2c /usr/lib/gcc/arm-none-eabi/14.2.0/../../../../arm-none-eabi/lib/thumb/v6-m/nofp/libg.a(libc_a-calloc.o)
 .ARM.attributes
                0x0000083a       0x2c /usr/lib/gcc/arm-none-eabi/14.2.0/../../../../arm-none-eabi/lib/thumb/v6-m/nofp/libg.a(libc_a-callocr.o)
 .ARM.attributes
                0x00000866       0x2c /usr/lib/gcc/arm-none-eabi/14.2.0/../../../../arm-none-eabi/lib/thumb/v6-m/nofp/libg.a(libc_a-malloc.o)
 .ARM.attributes
                0x00000892       0x2c /usr/lib/gcc/arm-none-eabi/14.2.0/../../../../arm-none-eabi/lib/thumb/v6-m/nofp/libg.a(libc_a-mallocr.o)
 .ARM.attributes
                0x000008be       0x2c /usr/lib/gcc/arm-none-eabi/14.2.0/../../../../arm-none-eabi/lib/thumb/v6-m/nofp/libg.a(libc_a-mlock.o)
 .ARM.attributes
                0x000008ea       0x2c /usr/lib/gcc/arm-none-eabi/14.2.0/../../../../arm-none-eabi/lib/thumb/v6-m/nofp/libg.a(libc_a-memmove.o)
 .ARM.attributes
                0x00000916       0x2c /usr/lib/gcc/arm-none-eabi/14.2.0/../../../../arm-none-eabi/lib/thumb/v6-m/nofp/libg.a(libc_a-impure.o)
 .ARM.attributes
                0x00000942       0x2c /usr/lib/gcc/arm-none-eabi/14.2.0/../../../../arm-none-eabi/lib/thumb/v6-m/nofp/libg.a(libc_a-sbrkr.o)
 .ARM.attributes
                0x0000096e       0x2c /usr/lib/gcc/arm-none-eabi/14.2.0/../../../../arm-none-eabi/lib/thumb/v6-m/nofp/libg.a(libc_a-errno.o)
 .ARM.attributes
                0x0000099a       0x2c /usr/lib/gcc/arm-none-eabi/14.2.0/../../../../arm-none-eabi/lib/thumb/v6-m/nofp/libg.a(libc_a-fini.o)
 .ARM.attributes
                0x000009c6       0x2c /usr/lib/gcc/arm-none-eabi/14.2.0/../../../../arm-none-eabi/lib/thumb/v6-m/nofp/libg.a(libc_a-lock.o)
 .ARM.attributes
                0x000009f2       0x2c /usr/lib/gcc/arm-none-eabi/14.2.0/../../../../arm-none-eabi/lib/thumb/v6-m/nofp/libg.a(libc_a-sysconf.o)
 .ARM.attributes
                0x00000a1e       0x2c /usr/lib/gcc/arm-none-eabi/14.2.0/../../../../arm-none-eabi/lib/thumb/v6-m/nofp/libg.a(libc_a-strlen-stub.o)
 .ARM.attributes
                0x00000a4a       0x2c /usr/lib/gcc/arm-none-eabi/14.2.0/../../../../arm-none-eabi/lib/thumb/v6-m/nofp/libg.a(libc_a-__atexit.o)
 .ARM.attributes
                0x00000a76       0x2c /usr/lib/gcc/arm-none-eabi/14.2.0/../../../../arm-none-eabi/lib/thumb/v6-m/nofp/libg.a(libc_a-__call_atexit.o)
 .ARM.attributes
                0x00000aa2       0x2c /usr/lib/gcc/arm-none-eabi/14.2.0/../../../../arm-none-eabi/lib/thumb/v6-m/nofp/libg.a(libc_a-freer.o)
 .ARM.attributes
                0x00000ace       0x2c /usr/lib/gcc/arm-none-eabi/14.2.0/../../../../arm-none-eabi/lib/thumb/v6-m/nofp/libg.a(libc_a-findfp.o)
 .ARM.attributes
                0x00000afa       0x2c /usr/lib/gcc/arm-none-eabi/14.2.0/../../../../arm-none-eabi/lib/thumb/v6-m/nofp/libg.a(libc_a-reent.o)

.comment        0x00000000       0x1e
 .comment       0x00000000       0x1e CMakeFiles/pico-event-hardware-impl.dir/src/main.cpp.o
                                 0x1f (size before relaxing)
 .comment       0x0000001e       0x1f CMakeFiles/pico-event-hardware-impl.dir/usr/share/pico-sdk/src/rp2_common/hardware_gpio/gpio.c.o
 .comment       0x0000001e       0x1f CMakeFiles/pico-event-hardware-impl.dir/usr/share/pico-sdk/src/rp2_common/pico_platform_panic/panic.c.o
 .comment       0x0000001e       0x1f CMakeFiles/pico-event-hardware-impl.dir/usr/share/pico-sdk/src/common/hardware_claim/claim.c.o
 .comment       0x0000001e       0x1f CMakeFiles/pico-event-hardware-impl.dir/usr/share/pico-sdk/src/rp2_common/hardware_sync/sync.c.o
 .comment       0x0000001e       0x1f CMakeFiles/pico-event-hardware-impl.dir/usr/share/pico-sdk/src/rp2_common/hardware_sync_spin_lock/sync_spin_lock.c.o
 .comment       0x0000001e       0x1f CMakeFiles/pico-event-hardware-impl.dir/usr/share/pico-sdk/src/rp2_common/hardware_irq/irq.c.o
 .comment       0x0000001e       0x1f CMakeFiles/pico-event-hardware-impl.dir/usr/share/pico-sdk/src/common/pico_sync/lock_core.c.o
 .comment       0x0000001e       0x1f CMakeFiles/pico-event-hardware-impl.dir/usr/share/pico-sdk/src/common/pico_sync/mutex.c.o
 .comment       0x0000001e       0x1f CMakeFiles/pico-event-hardware-impl.dir/usr/share/pico-sdk/src/common/pico_time/time.c.o
 .comment       0x0000001e       0x1f CMakeFiles/pico-event-hardware-impl.dir/usr/share/pico-sdk/src/rp2_common/hardware_timer/timer.c.o
 .comment       0x0000001e       0x1f CMakeFiles/pico-event-hardware-impl.dir/usr/share/pico-sdk/src/common/pico_util/queue.c.o
 .comment       0x0000001e       0x1f CMakeFiles/pico-event-hardware-impl.dir/usr/share/pico-sdk/src/rp2_common/hardware_clocks/clocks.c.o
 .comment       0x0000001e       0x1f CMakeFiles/pico-event-hardware-impl.dir/usr/share/pico-sdk/src/rp2_common/hardware_pll/pll.c.o
 .comment       0x0000001e       0x1f CMakeFiles/pico-event-hardware-impl.dir/usr/share/pico-sdk/src/rp2_common/hardware_ticks/ticks.c.o
 .comment       0x0000001e       0x1f CMakeFiles/pico-event-hardware-impl.dir/usr/share/pico-sdk/src/rp2_common/pico_bootrom/bootrom.c.o
 .comment       0x0000001e       0x1f CMakeFiles/pico-event-hardware-impl.dir/usr/share/pico-sdk/src/rp2_common/hardware_xosc/xosc.c.o
 .comment       0x0000001e       0x1f CMakeFiles/pico-event-hardware-impl.dir/usr/share/pico-sdk/src/rp2_common/pico_runtime/runtime.c.o
 .comment       0x0000001e       0x1f CMakeFiles/pico-event-hardware-impl.dir/usr/share/pico-sdk/src/rp2_common/pico_runtime_init/runtime_init.c.o
 .comment       0x0000001e       0x1f CMakeFiles/pico-event-hardware-impl.dir/usr/share/pico-sdk/src/rp2_common/pico_runtime_init/runtime_init_clocks.c.o
 .comment       0x0000001e       0x1f CMakeFiles/pico-event-hardware-impl.dir/usr/share/pico-sdk/src/rp2_common/pico_double/double_init_rom_rp2040.c.o
 .comment       0x0000001e       0x1f CMakeFiles/pico-event-hardware-impl.dir/usr/share/pico-sdk/src/rp2_common/pico_float/float_init_rom_rp2040.c.o
 .comment       0x0000001e       0x1f CMakeFiles/pico-event-hardware-impl.dir/usr/share/pico-sdk/src/rp2_common/pico_malloc/malloc.c.o
 .comment       0x0000001e       0x1f CMakeFiles/pico-event-hardware-impl.dir/usr/share/pico-sdk/src/rp2_common/pico_cxx_options/new_delete.cpp.o
 .comment       0x0000001e       0x1f CMakeFiles/pico-event-hardware-impl.dir/usr/share/pico-sdk/src/rp2_common/pico_standard_binary_info/standard_binary_info.c.o
 .comment       0x0000001e       0x1f CMakeFiles/pico-event-hardware-impl.dir/usr/share/pico-sdk/src/rp2_common/pico_printf/printf.c.o
 .comment       0x0000001e       0x1f CMakeFiles/pico-event-hardware-impl.dir/usr/share/pico-sdk/src/rp2_common/pico_clib_interface/newlib_interface.c.o
 .comment       0x0000001e       0x1f CMakeFiles/pico-event-hardware-impl.dir/usr/share/pico-sdk/src/rp2_common/pico_stdio/stdio.c.o
 .comment       0x0000001e       0x1f CMakeFiles/pico-event-hardware-impl.dir/usr/share/pico-sdk/src/rp2_common/pico_unique_id/unique_id.c.o
 .comment       0x0000001e       0x1f CMakeFiles/pico-event-hardware-impl.dir/usr/share/pico-sdk/src/rp2_common/hardware_flash/flash.c.o
 .comment       0x0000001e       0x1f CMakeFiles/pico-event-hardware-impl.dir/usr/share/pico-sdk/src/rp2_common/pico_multicore/multicore.c.o
 .comment       0x0000001e       0x1f build/libpico-event-hardware.a(Event.cpp.o)
 .comment       0x0000001e       0x1f build/libpico-event-hardware.a(GPIODevice.cpp.o)
 .comment       0x0000001e       0x1f build/libpico-event-hardware.a(Timer.cpp.o)
 .comment       0x0000001e       0x1f build/libpico-event-hardware.a(Button.cpp.o)
 .comment       0x0000001e       0x1f /usr/lib/gcc/arm-none-eabi/14.2.0/../../../../arm-none-eabi/lib/thumb/v6-m/nofp/libg.a(libc_a-atexit.o)
 .comment       0x0000001e       0x1f /usr/lib/gcc/arm-none-eabi/14.2.0/../../../../arm-none-eabi/lib/thumb/v6-m/nofp/libg.a(libc_a-calloc.o)
 .comment       0x0000001e       0x1f /usr/lib/gcc/arm-none-eabi/14.2.0/../../../../arm-none-eabi/lib/thumb/v6-m/nofp/libg.a(libc_a-callocr.o)
 .comment       0x0000001e       0x1f /usr/lib/gcc/arm-none-eabi/14.2.0/../../../../arm-none-eabi/lib/thumb/v6-m/nofp/libg.a(libc_a-malloc.o)
 .comment       0x0000001e       0x1f /usr/lib/gcc/arm-none-eabi/14.2.0/../../../../arm-none-eabi/lib/thumb/v6-m/nofp/libg.a(libc_a-mallocr.o)
 .comment       0x0000001e       0x1f /usr/lib/gcc/arm-none-eabi/14.2.0/../../../../arm-none-eabi/lib/thumb/v6-m/nofp/libg.a(libc_a-mlock.o)
 .comment       0x0000001e       0x1f /usr/lib/gcc/arm-none-eabi/14.2.0/../../../../arm-none-eabi/lib/thumb/v6-m/nofp/libg.a(libc_a-memmove.o)
 .comment       0x0000001e       0x1f /usr/lib/gcc/arm-none-eabi/14.2.0/../../../../arm-none-eabi/lib/thumb/v6-m/nofp/libg.a(libc_a-impure.o)
 .comment       0x0000001e       0x1f /usr/lib/gcc/arm-none-eabi/14.2.0/../../../../arm-none-eabi/lib/thumb/v6-m/nofp/libg.a(libc_a-sbrkr.o)
 .comment       0x0000001e       0x1f /usr/lib/gcc/arm-none-eabi/14.2.0/../../../../arm-none-eabi/lib/thumb/v6-m/nofp/libg.a(libc_a-errno.o)
 .comment       0x0000001e       0x1f /usr/lib/gcc/arm-none-eabi/14.2.0/../../../../arm-none-eabi/lib/thumb/v6-m/nofp/libg.a(libc_a-fini.o)
 .comment       0x0000001e       0x1f /usr/lib/gcc/arm-none-eabi/14.2.0/../../../../arm-none-eabi/lib/thumb/v6-m/nofp/libg.a(libc_a-lock.o)
 .comment       0x0000001e       0x1f /usr/lib/gcc/arm-none-eabi/14.2.0/../../../../arm-none-eabi/lib/thumb/v6-m/nofp/libg.a(libc_a-sysconf.o)
 .comment       0x0000001e       0x1f /usr/lib/gcc/arm-none-eabi/14.2.0/../../../../arm-none-eabi/lib/thumb/v6-m/nofp/libg.a(libc_a-strlen-stub.o)
 .comment       0x0000001e       0x1f /usr/lib/gcc/arm-none-eabi/14.2.0/../../../../arm-none-eabi/lib/thumb/v6-m/nofp/libg.a(libc_a-__atexit.o)
 .comment       0x0000001e       0x1f /usr/lib/gcc/arm-none-eabi/14.2.0/../../../../arm-none-eabi/lib/thumb/v6-m/nofp/libg.a(libc_a-__call_atexit.o)
 .comment       0x0000001e       0x1f /usr/lib/gcc/arm-none-eabi/14.2.0/../../../../arm-none-eabi/lib/thumb/v6-m/nofp/libg.a(libc_a-freer.o)
 .comment       0x0000001e       0x1f /usr/lib/gcc/arm-none-eabi/14.2.0/../../../../arm-none-eabi/lib/thumb/v6-m/nofp/libg.a(libc_a-findfp.o)
 .comment       0x0000001e       0x1f /usr/lib/gcc/arm-none-eabi/14.2.0/../../../../arm-none-eabi/lib/thumb/v6-m/nofp/libg.a(libc_a-reent.o)

.debug_info     0x00000000    0x41ac8
 .debug_info    0x00000000     0x3ae4 CMakeFiles/pico-event-hardware-impl.dir/src/main.cpp.o
 .debug_info    0x00003ae4     0x2421 CMakeFiles/pico-event-hardware-impl.dir/usr/share/pico-sdk/src/rp2_common/hardware_gpio/gpio.c.o
 .debug_info    0x00005f05      0x1bf CMakeFiles/pico-event-hardware-impl.dir/usr/share/pico-sdk/src/rp2_common/pico_platform_panic/panic.c.o
 .debug_info    0x000060c4      0x9a1 CMakeFiles/pico-event-hardware-impl.dir/usr/share/pico-sdk/src/common/hardware_claim/claim.c.o
 .debug_info    0x00006a65      0x45c CMakeFiles/pico-event-hardware-impl.dir/usr/share/pico-sdk/src/rp2_common/hardware_sync/sync.c.o
 .debug_info    0x00006ec1      0x245 CMakeFiles/pico-event-hardware-impl.dir/usr/share/pico-sdk/src/rp2_common/hardware_sync_spin_lock/sync_spin_lock.c.o
 .debug_info    0x00007106     0x2233 CMakeFiles/pico-event-hardware-impl.dir/usr/share/pico-sdk/src/rp2_common/hardware_irq/irq.c.o
 .debug_info    0x00009339      0x15f CMakeFiles/pico-event-hardware-impl.dir/usr/share/pico-sdk/src/common/pico_sync/lock_core.c.o
 .debug_info    0x00009498     0x2815 CMakeFiles/pico-event-hardware-impl.dir/usr/share/pico-sdk/src/common/pico_sync/mutex.c.o
 .debug_info    0x0000bcad     0x5065 CMakeFiles/pico-event-hardware-impl.dir/usr/share/pico-sdk/src/common/pico_time/time.c.o
 .debug_info    0x00010d12     0x2b37 CMakeFiles/pico-event-hardware-impl.dir/usr/share/pico-sdk/src/rp2_common/hardware_timer/timer.c.o
 .debug_info    0x00013849     0x16b6 CMakeFiles/pico-event-hardware-impl.dir/usr/share/pico-sdk/src/common/pico_util/queue.c.o
 .debug_info    0x00014eff     0x2a05 CMakeFiles/pico-event-hardware-impl.dir/usr/share/pico-sdk/src/rp2_common/hardware_clocks/clocks.c.o
 .debug_info    0x00017904      0x4e5 CMakeFiles/pico-event-hardware-impl.dir/usr/share/pico-sdk/src/rp2_common/hardware_pll/pll.c.o
 .debug_info    0x00017de9      0x248 CMakeFiles/pico-event-hardware-impl.dir/usr/share/pico-sdk/src/rp2_common/hardware_ticks/ticks.c.o
 .debug_info    0x00018031      0x678 CMakeFiles/pico-event-hardware-impl.dir/usr/share/pico-sdk/src/rp2_common/pico_bootrom/bootrom.c.o
 .debug_info    0x000186a9      0x1d0 CMakeFiles/pico-event-hardware-impl.dir/usr/share/pico-sdk/src/rp2_common/hardware_xosc/xosc.c.o
 .debug_info    0x00018879      0x21a CMakeFiles/pico-event-hardware-impl.dir/usr/share/pico-sdk/src/rp2_common/pico_runtime/runtime.c.o
 .debug_info    0x00018a93      0x7ea CMakeFiles/pico-event-hardware-impl.dir/usr/share/pico-sdk/src/rp2_common/pico_runtime_init/runtime_init.c.o
 .debug_info    0x0001927d      0x781 CMakeFiles/pico-event-hardware-impl.dir/usr/share/pico-sdk/src/rp2_common/pico_runtime_init/runtime_init_clocks.c.o
 .debug_info    0x000199fe       0x23 CMakeFiles/pico-event-hardware-impl.dir/usr/share/pico-sdk/src/rp2_common/pico_bit_ops/bit_ops_aeabi.S.o
 .debug_info    0x00019a21       0x23 CMakeFiles/pico-event-hardware-impl.dir/usr/share/pico-sdk/src/rp2_common/pico_divider/divider_hardware.S.o
 .debug_info    0x00019a44       0x23 CMakeFiles/pico-event-hardware-impl.dir/usr/share/pico-sdk/src/rp2_common/pico_double/double_aeabi_rp2040.S.o
 .debug_info    0x00019a67      0x27e CMakeFiles/pico-event-hardware-impl.dir/usr/share/pico-sdk/src/rp2_common/pico_double/double_init_rom_rp2040.c.o
 .debug_info    0x00019ce5       0x23 CMakeFiles/pico-event-hardware-impl.dir/usr/share/pico-sdk/src/rp2_common/pico_double/double_v1_rom_shim_rp2040.S.o
 .debug_info    0x00019d08       0x24 CMakeFiles/pico-event-hardware-impl.dir/usr/share/pico-sdk/src/rp2_common/pico_int64_ops/pico_int64_ops_aeabi.S.o
 .debug_info    0x00019d2c       0x23 CMakeFiles/pico-event-hardware-impl.dir/usr/share/pico-sdk/src/rp2_common/pico_float/float_aeabi_rp2040.S.o
 .debug_info    0x00019d4f      0x27e CMakeFiles/pico-event-hardware-impl.dir/usr/share/pico-sdk/src/rp2_common/pico_float/float_init_rom_rp2040.c.o
 .debug_info    0x00019fcd       0x23 CMakeFiles/pico-event-hardware-impl.dir/usr/share/pico-sdk/src/rp2_common/pico_float/float_v1_rom_shim_rp2040.S.o